mode: set
github.com/calvarado2004/bakery-go/testutils/db_helper.go:16.40,18.2 1 0
github.com/calvarado2004/bakery-go/testutils/db_helper.go:21.43,41.31 4 0
github.com/calvarado2004/bakery-go/testutils/db_helper.go:41.31,42.88 1 0
github.com/calvarado2004/bakery-go/testutils/db_helper.go:42.88,44.4 1 0
github.com/calvarado2004/bakery-go/testutils/db_helper.go:48.2,60.32 2 0
github.com/calvarado2004/bakery-go/testutils/db_helper.go:60.32,61.104 1 0
github.com/calvarado2004/bakery-go/testutils/db_helper.go:61.104,63.4 1 0
github.com/calvarado2004/bakery-go/testutils/db_helper.go:66.2,66.12 1 0
github.com/calvarado2004/bakery-go/testutils/db_helper.go:70.43,86.32 4 0
github.com/calvarado2004/bakery-go/testutils/db_helper.go:86.32,87.104 1 0
github.com/calvarado2004/bakery-go/testutils/db_helper.go:87.104,89.4 1 0
github.com/calvarado2004/bakery-go/testutils/db_helper.go:92.2,92.12 1 0
github.com/calvarado2004/bakery-go/testutils/db_helper.go:96.65,101.114 4 0
github.com/calvarado2004/bakery-go/testutils/db_helper.go:101.114,103.3 1 0
github.com/calvarado2004/bakery-go/testutils/db_helper.go:104.2,104.19 1 0
github.com/calvarado2004/bakery-go/testutils/fixtures.go:29.62,32.16 2 0
github.com/calvarado2004/bakery-go/testutils/fixtures.go:32.16,34.3 1 0
github.com/calvarado2004/bakery-go/testutils/fixtures.go:37.2,38.25 2 0
github.com/calvarado2004/bakery-go/testutils/fixtures.go:38.25,40.49 2 0
github.com/calvarado2004/bakery-go/testutils/fixtures.go:40.49,41.9 1 0
github.com/calvarado2004/bakery-go/testutils/fixtures.go:43.3,43.40 1 0
github.com/calvarado2004/bakery-go/testutils/fixtures.go:46.2,57.24 4 0
github.com/calvarado2004/bakery-go/testutils/fixtures.go:57.24,59.52 1 0
github.com/calvarado2004/bakery-go/testutils/fixtures.go:59.52,61.4 1 0
github.com/calvarado2004/bakery-go/testutils/fixtures.go:63.3,63.30 1 0
github.com/calvarado2004/bakery-go/testutils/fixtures.go:67.2,71.16 4 0
github.com/calvarado2004/bakery-go/testutils/fixtures.go:71.16,73.3 1 0
github.com/calvarado2004/bakery-go/testutils/fixtures.go:76.2,79.44 3 0
github.com/calvarado2004/bakery-go/testutils/fixtures.go:79.44,81.3 1 0
github.com/calvarado2004/bakery-go/testutils/fixtures.go:83.2,86.27 2 0
github.com/calvarado2004/bakery-go/testutils/fixtures.go:86.27,87.25 1 0
github.com/calvarado2004/bakery-go/testutils/fixtures.go:87.25,89.52 1 0
github.com/calvarado2004/bakery-go/testutils/fixtures.go:89.52,91.5 1 0
github.com/calvarado2004/bakery-go/testutils/fixtures.go:93.3,93.36 1 0
github.com/calvarado2004/bakery-go/testutils/fixtures.go:93.36,95.4 1 0
github.com/calvarado2004/bakery-go/testutils/fixtures.go:98.2,98.16 1 0
github.com/calvarado2004/bakery-go/testutils/fixtures.go:102.52,105.16 3 0
github.com/calvarado2004/bakery-go/testutils/fixtures.go:105.16,107.3 1 0
github.com/calvarado2004/bakery-go/testutils/fixtures.go:108.2,108.51 1 0
github.com/calvarado2004/bakery-go/testutils/fixtures.go:112.46,116.16 4 0
github.com/calvarado2004/bakery-go/testutils/fixtures.go:116.16,118.3 1 0
github.com/calvarado2004/bakery-go/testutils/fixtures.go:119.2,119.12 1 0
github.com/calvarado2004/bakery-go/testutils/fixtures.go:123.45,127.16 4 0
github.com/calvarado2004/bakery-go/testutils/fixtures.go:127.16,129.3 1 0
github.com/calvarado2004/bakery-go/testutils/fixtures.go:130.2,130.12 1 0
github.com/calvarado2004/bakery-go/testutils/fixtures.go:134.41,136.2 1 0
github.com/calvarado2004/bakery-go/testutils/fixtures.go:139.41,141.16 2 0
github.com/calvarado2004/bakery-go/testutils/fixtures.go:141.16,143.3 1 0
github.com/calvarado2004/bakery-go/testutils/fixtures.go:145.2,146.25 2 0
github.com/calvarado2004/bakery-go/testutils/fixtures.go:146.25,148.49 2 0
github.com/calvarado2004/bakery-go/testutils/fixtures.go:148.49,149.9 1 0
github.com/calvarado2004/bakery-go/testutils/fixtures.go:151.3,151.40 1 0
github.com/calvarado2004/bakery-go/testutils/fixtures.go:154.2,154.29 1 0
github.com/calvarado2004/bakery-go/testutils/fixtures.go:158.30,160.2 1 0
github.com/calvarado2004/bakery-go/testutils/fixtures.go:163.34,165.2 1 0
github.com/calvarado2004/bakery-go/data/models.go:20.62,25.2 2 1
github.com/calvarado2004/bakery-go/data/models.go:98.90,105.16 5 0
github.com/calvarado2004/bakery-go/data/models.go:105.16,107.3 1 0
github.com/calvarado2004/bakery-go/data/models.go:109.2,109.12 1 0
github.com/calvarado2004/bakery-go/data/models.go:113.78,121.16 6 0
github.com/calvarado2004/bakery-go/data/models.go:121.16,122.36 1 0
github.com/calvarado2004/bakery-go/data/models.go:122.36,124.4 1 0
github.com/calvarado2004/bakery-go/data/models.go:125.3,126.16 2 0
github.com/calvarado2004/bakery-go/data/models.go:129.2,129.18 1 0
github.com/calvarado2004/bakery-go/data/models.go:129.18,131.3 1 0
github.com/calvarado2004/bakery-go/data/models.go:133.2,133.36 1 0
github.com/calvarado2004/bakery-go/data/models.go:136.77,142.16 4 1
github.com/calvarado2004/bakery-go/data/models.go:142.16,144.3 1 0
github.com/calvarado2004/bakery-go/data/models.go:146.2,157.16 4 1
github.com/calvarado2004/bakery-go/data/models.go:157.16,160.3 2 0
github.com/calvarado2004/bakery-go/data/models.go:162.2,162.19 1 1
github.com/calvarado2004/bakery-go/data/models.go:165.68,185.16 6 1
github.com/calvarado2004/bakery-go/data/models.go:185.16,188.3 2 0
github.com/calvarado2004/bakery-go/data/models.go:190.2,190.19 1 1
github.com/calvarado2004/bakery-go/data/models.go:193.78,208.16 6 1
github.com/calvarado2004/bakery-go/data/models.go:208.16,211.3 2 0
github.com/calvarado2004/bakery-go/data/models.go:213.2,213.19 1 1
github.com/calvarado2004/bakery-go/data/models.go:217.90,230.16 7 0
github.com/calvarado2004/bakery-go/data/models.go:230.16,233.3 2 0
github.com/calvarado2004/bakery-go/data/models.go:235.2,235.31 1 0
github.com/calvarado2004/bakery-go/data/models.go:235.31,238.17 2 0
github.com/calvarado2004/bakery-go/data/models.go:238.17,241.4 2 0
github.com/calvarado2004/bakery-go/data/models.go:243.3,247.17 3 0
github.com/calvarado2004/bakery-go/data/models.go:247.17,251.18 3 0
github.com/calvarado2004/bakery-go/data/models.go:251.18,253.5 1 0
github.com/calvarado2004/bakery-go/data/models.go:254.4,254.12 1 0
github.com/calvarado2004/bakery-go/data/models.go:257.3,258.32 2 0
github.com/calvarado2004/bakery-go/data/models.go:258.32,259.18 1 0
github.com/calvarado2004/bakery-go/data/models.go:259.18,261.5 1 0
github.com/calvarado2004/bakery-go/data/models.go:264.4,265.18 2 0
github.com/calvarado2004/bakery-go/data/models.go:265.18,267.5 1 0
github.com/calvarado2004/bakery-go/data/models.go:268.4,268.12 1 0
github.com/calvarado2004/bakery-go/data/models.go:272.3,273.17 2 0
github.com/calvarado2004/bakery-go/data/models.go:273.17,276.4 2 0
github.com/calvarado2004/bakery-go/data/models.go:278.2,278.19 1 0
github.com/calvarado2004/bakery-go/data/models.go:281.92,294.16 6 0
github.com/calvarado2004/bakery-go/data/models.go:294.16,297.3 2 0
github.com/calvarado2004/bakery-go/data/models.go:299.2,299.31 1 0
github.com/calvarado2004/bakery-go/data/models.go:299.31,305.17 3 0
github.com/calvarado2004/bakery-go/data/models.go:305.17,308.4 2 0
github.com/calvarado2004/bakery-go/data/models.go:310.3,311.17 2 0
github.com/calvarado2004/bakery-go/data/models.go:311.17,314.4 2 0
github.com/calvarado2004/bakery-go/data/models.go:317.2,317.19 1 0
github.com/calvarado2004/bakery-go/data/models.go:321.97,335.16 9 1
github.com/calvarado2004/bakery-go/data/models.go:335.16,339.3 3 0
github.com/calvarado2004/bakery-go/data/models.go:342.2,346.21 3 1
github.com/calvarado2004/bakery-go/data/models.go:346.21,350.3 3 0
github.com/calvarado2004/bakery-go/data/models.go:352.2,352.23 1 1
github.com/calvarado2004/bakery-go/data/models.go:352.23,356.3 3 0
github.com/calvarado2004/bakery-go/data/models.go:358.2,358.41 1 1
github.com/calvarado2004/bakery-go/data/models.go:358.41,361.3 2 0
github.com/calvarado2004/bakery-go/data/models.go:364.2,366.16 3 1
github.com/calvarado2004/bakery-go/data/models.go:366.16,370.3 3 0
github.com/calvarado2004/bakery-go/data/models.go:372.2,372.24 1 1
github.com/calvarado2004/bakery-go/data/models.go:375.84,382.16 5 1
github.com/calvarado2004/bakery-go/data/models.go:382.16,385.3 2 0
github.com/calvarado2004/bakery-go/data/models.go:387.2,387.12 1 1
github.com/calvarado2004/bakery-go/data/models.go:390.97,392.16 2 1
github.com/calvarado2004/bakery-go/data/models.go:392.16,393.10 1 1
github.com/calvarado2004/bakery-go/data/models.go:394.60,396.21 1 1
github.com/calvarado2004/bakery-go/data/models.go:397.11,399.21 2 0
github.com/calvarado2004/bakery-go/data/models.go:403.2,403.18 1 1
github.com/calvarado2004/bakery-go/data/models.go:407.67,415.16 5 1
github.com/calvarado2004/bakery-go/data/models.go:415.16,418.3 2 0
github.com/calvarado2004/bakery-go/data/models.go:420.2,420.29 1 1
github.com/calvarado2004/bakery-go/data/models.go:420.29,422.17 2 1
github.com/calvarado2004/bakery-go/data/models.go:422.17,425.4 2 0
github.com/calvarado2004/bakery-go/data/models.go:428.2,430.18 2 1
github.com/calvarado2004/bakery-go/data/models.go:430.18,444.17 3 1
github.com/calvarado2004/bakery-go/data/models.go:444.17,447.4 2 0
github.com/calvarado2004/bakery-go/data/models.go:449.3,449.33 1 1
github.com/calvarado2004/bakery-go/data/models.go:452.2,452.20 1 1
github.com/calvarado2004/bakery-go/data/models.go:455.81,474.16 5 1
github.com/calvarado2004/bakery-go/data/models.go:474.16,477.3 2 1
github.com/calvarado2004/bakery-go/data/models.go:479.2,479.19 1 1
github.com/calvarado2004/bakery-go/data/models.go:482.89,495.16 5 0
github.com/calvarado2004/bakery-go/data/models.go:495.16,498.3 2 0
github.com/calvarado2004/bakery-go/data/models.go:500.2,503.16 3 0
github.com/calvarado2004/bakery-go/data/models.go:503.16,506.3 2 0
github.com/calvarado2004/bakery-go/data/models.go:508.2,508.29 1 0
github.com/calvarado2004/bakery-go/data/models.go:508.29,510.17 2 0
github.com/calvarado2004/bakery-go/data/models.go:510.17,512.4 1 0
github.com/calvarado2004/bakery-go/data/models.go:515.2,517.18 2 0
github.com/calvarado2004/bakery-go/data/models.go:517.18,520.17 3 0
github.com/calvarado2004/bakery-go/data/models.go:520.17,523.4 2 0
github.com/calvarado2004/bakery-go/data/models.go:525.3,526.17 2 0
github.com/calvarado2004/bakery-go/data/models.go:526.17,529.4 2 0
github.com/calvarado2004/bakery-go/data/models.go:531.3,532.33 2 0
github.com/calvarado2004/bakery-go/data/models.go:535.2,537.19 2 0
github.com/calvarado2004/bakery-go/data/models.go:540.87,554.16 5 0
github.com/calvarado2004/bakery-go/data/models.go:554.16,557.3 2 0
github.com/calvarado2004/bakery-go/data/models.go:559.2,562.16 3 0
github.com/calvarado2004/bakery-go/data/models.go:562.16,565.3 2 0
github.com/calvarado2004/bakery-go/data/models.go:567.2,567.29 1 0
github.com/calvarado2004/bakery-go/data/models.go:567.29,569.17 2 0
github.com/calvarado2004/bakery-go/data/models.go:569.17,571.4 1 0
github.com/calvarado2004/bakery-go/data/models.go:574.2,576.18 2 0
github.com/calvarado2004/bakery-go/data/models.go:576.18,579.17 3 0
github.com/calvarado2004/bakery-go/data/models.go:579.17,582.4 2 0
github.com/calvarado2004/bakery-go/data/models.go:584.3,585.17 2 0
github.com/calvarado2004/bakery-go/data/models.go:585.17,588.4 2 0
github.com/calvarado2004/bakery-go/data/models.go:590.3,591.33 2 0
github.com/calvarado2004/bakery-go/data/models.go:594.2,596.19 2 0
github.com/calvarado2004/bakery-go/data/models.go:599.94,613.16 5 0
github.com/calvarado2004/bakery-go/data/models.go:613.16,614.36 1 0
github.com/calvarado2004/bakery-go/data/models.go:614.36,616.4 1 0
github.com/calvarado2004/bakery-go/data/models.go:617.3,618.20 2 0
github.com/calvarado2004/bakery-go/data/models.go:620.2,625.16 4 0
github.com/calvarado2004/bakery-go/data/models.go:625.16,628.3 2 0
github.com/calvarado2004/bakery-go/data/models.go:630.2,630.29 1 0
github.com/calvarado2004/bakery-go/data/models.go:630.29,632.17 2 0
github.com/calvarado2004/bakery-go/data/models.go:632.17,634.4 1 0
github.com/calvarado2004/bakery-go/data/models.go:637.2,639.18 2 0
github.com/calvarado2004/bakery-go/data/models.go:639.18,642.17 3 0
github.com/calvarado2004/bakery-go/data/models.go:642.17,645.4 2 0
github.com/calvarado2004/bakery-go/data/models.go:647.3,648.17 2 0
github.com/calvarado2004/bakery-go/data/models.go:648.17,651.4 2 0
github.com/calvarado2004/bakery-go/data/models.go:653.3,654.33 2 0
github.com/calvarado2004/bakery-go/data/models.go:657.2,659.19 2 0
github.com/calvarado2004/bakery-go/data/models.go:664.79,672.16 5 1
github.com/calvarado2004/bakery-go/data/models.go:672.16,675.3 2 0
github.com/calvarado2004/bakery-go/data/models.go:677.2,677.29 1 1
github.com/calvarado2004/bakery-go/data/models.go:677.29,679.17 2 1
github.com/calvarado2004/bakery-go/data/models.go:679.17,681.4 1 0
github.com/calvarado2004/bakery-go/data/models.go:684.2,684.18 1 1
github.com/calvarado2004/bakery-go/data/models.go:684.18,687.17 3 0
github.com/calvarado2004/bakery-go/data/models.go:687.17,690.4 2 0
github.com/calvarado2004/bakery-go/data/models.go:691.3,696.17 4 0
github.com/calvarado2004/bakery-go/data/models.go:696.17,699.4 2 0
github.com/calvarado2004/bakery-go/data/models.go:701.3,703.25 2 0
github.com/calvarado2004/bakery-go/data/models.go:703.25,706.18 3 0
github.com/calvarado2004/bakery-go/data/models.go:706.18,710.5 3 0
github.com/calvarado2004/bakery-go/data/models.go:712.4,713.18 2 0
github.com/calvarado2004/bakery-go/data/models.go:713.18,717.5 3 0
github.com/calvarado2004/bakery-go/data/models.go:719.4,720.34 2 0
github.com/calvarado2004/bakery-go/data/models.go:722.3,725.33 3 0
github.com/calvarado2004/bakery-go/data/models.go:728.2,728.20 1 1
github.com/calvarado2004/bakery-go/data/models.go:732.79,739.16 5 1
github.com/calvarado2004/bakery-go/data/models.go:739.16,742.3 2 1
github.com/calvarado2004/bakery-go/data/models.go:744.2,744.12 1 1
github.com/calvarado2004/bakery-go/data/models.go:748.86,756.16 5 1
github.com/calvarado2004/bakery-go/data/models.go:756.16,759.3 2 0
github.com/calvarado2004/bakery-go/data/models.go:760.2,760.29 1 1
github.com/calvarado2004/bakery-go/data/models.go:760.29,762.17 2 1
github.com/calvarado2004/bakery-go/data/models.go:762.17,764.4 1 0
github.com/calvarado2004/bakery-go/data/models.go:767.2,768.18 2 1
github.com/calvarado2004/bakery-go/data/models.go:768.18,770.85 2 1
github.com/calvarado2004/bakery-go/data/models.go:770.85,773.4 2 0
github.com/calvarado2004/bakery-go/data/models.go:774.3,774.35 1 1
github.com/calvarado2004/bakery-go/data/models.go:776.2,776.35 1 1
github.com/calvarado2004/bakery-go/data/models.go:776.35,779.3 2 0
github.com/calvarado2004/bakery-go/data/models.go:781.2,781.22 1 1
github.com/calvarado2004/bakery-go/data/models.go:785.64,793.16 5 0
github.com/calvarado2004/bakery-go/data/models.go:793.16,795.3 1 0
github.com/calvarado2004/bakery-go/data/models.go:797.2,797.12 1 0
github.com/calvarado2004/bakery-go/data/models.go:801.68,808.16 5 1
github.com/calvarado2004/bakery-go/data/models.go:808.16,811.3 2 0
github.com/calvarado2004/bakery-go/data/models.go:812.2,812.29 1 1
github.com/calvarado2004/bakery-go/data/models.go:812.29,814.17 2 1
github.com/calvarado2004/bakery-go/data/models.go:814.17,816.4 1 0
github.com/calvarado2004/bakery-go/data/models.go:819.2,820.18 2 1
github.com/calvarado2004/bakery-go/data/models.go:820.18,823.17 3 0
github.com/calvarado2004/bakery-go/data/models.go:823.17,826.4 2 0
github.com/calvarado2004/bakery-go/data/models.go:827.3,827.42 1 0
github.com/calvarado2004/bakery-go/data/models.go:830.2,830.23 1 1
github.com/calvarado2004/bakery-go/data/models.go:834.72,841.16 5 1
github.com/calvarado2004/bakery-go/data/models.go:841.16,844.3 2 0
github.com/calvarado2004/bakery-go/data/models.go:845.2,845.29 1 1
github.com/calvarado2004/bakery-go/data/models.go:845.29,847.17 2 1
github.com/calvarado2004/bakery-go/data/models.go:847.17,849.4 1 0
github.com/calvarado2004/bakery-go/data/models.go:852.2,853.18 2 1
github.com/calvarado2004/bakery-go/data/models.go:853.18,856.17 3 1
github.com/calvarado2004/bakery-go/data/models.go:856.17,859.4 2 0
github.com/calvarado2004/bakery-go/data/models.go:860.3,860.33 1 1
github.com/calvarado2004/bakery-go/data/models.go:863.2,863.20 1 1
github.com/calvarado2004/bakery-go/data/models.go:867.75,875.16 5 1
github.com/calvarado2004/bakery-go/data/models.go:875.16,877.3 1 0
github.com/calvarado2004/bakery-go/data/models.go:880.2,881.16 2 1
github.com/calvarado2004/bakery-go/data/models.go:881.16,883.3 1 0
github.com/calvarado2004/bakery-go/data/models.go:886.2,887.16 2 1
github.com/calvarado2004/bakery-go/data/models.go:887.16,889.3 1 0
github.com/calvarado2004/bakery-go/data/models.go:892.2,893.16 2 1
github.com/calvarado2004/bakery-go/data/models.go:893.16,895.3 1 0
github.com/calvarado2004/bakery-go/data/models.go:898.2,899.16 2 1
github.com/calvarado2004/bakery-go/data/models.go:899.16,901.3 1 0
github.com/calvarado2004/bakery-go/data/models.go:904.2,905.16 2 1
github.com/calvarado2004/bakery-go/data/models.go:905.16,907.3 1 0
github.com/calvarado2004/bakery-go/data/models.go:909.2,909.19 1 1
github.com/calvarado2004/bakery-go/data/models.go:913.61,920.16 5 1
github.com/calvarado2004/bakery-go/data/models.go:920.16,923.3 2 0
github.com/calvarado2004/bakery-go/data/models.go:925.2,925.12 1 1
github.com/calvarado2004/bakery-go/data/models.go:929.61,936.16 5 1
github.com/calvarado2004/bakery-go/data/models.go:936.16,939.3 2 0
github.com/calvarado2004/bakery-go/data/models.go:941.2,941.12 1 1
github.com/calvarado2004/bakery-go/data/models.go:945.79,952.16 5 1
github.com/calvarado2004/bakery-go/data/models.go:952.16,955.3 2 0
github.com/calvarado2004/bakery-go/data/models.go:956.2,956.29 1 1
github.com/calvarado2004/bakery-go/data/models.go:956.29,958.17 2 1
github.com/calvarado2004/bakery-go/data/models.go:958.17,960.4 1 0
github.com/calvarado2004/bakery-go/data/models.go:963.2,964.18 2 1
github.com/calvarado2004/bakery-go/data/models.go:964.18,978.17 3 0
github.com/calvarado2004/bakery-go/data/models.go:978.17,981.4 2 0
github.com/calvarado2004/bakery-go/data/models.go:982.3,982.33 1 0
github.com/calvarado2004/bakery-go/data/models.go:985.2,985.20 1 1
github.com/calvarado2004/bakery-go/data/models.go:989.84,996.16 5 0
github.com/calvarado2004/bakery-go/data/models.go:996.16,999.3 2 0
github.com/calvarado2004/bakery-go/data/models.go:1000.2,1000.29 1 0
github.com/calvarado2004/bakery-go/data/models.go:1000.29,1002.17 2 0
github.com/calvarado2004/bakery-go/data/models.go:1002.17,1004.4 1 0
github.com/calvarado2004/bakery-go/data/models.go:1007.2,1008.18 2 0
github.com/calvarado2004/bakery-go/data/models.go:1008.18,1011.17 3 0
github.com/calvarado2004/bakery-go/data/models.go:1011.17,1014.4 2 0
github.com/calvarado2004/bakery-go/data/models.go:1017.3,1019.17 3 0
github.com/calvarado2004/bakery-go/data/models.go:1019.17,1021.12 2 0
github.com/calvarado2004/bakery-go/data/models.go:1024.3,1024.25 1 0
github.com/calvarado2004/bakery-go/data/models.go:1024.25,1027.18 3 0
github.com/calvarado2004/bakery-go/data/models.go:1027.18,1029.13 2 0
github.com/calvarado2004/bakery-go/data/models.go:1032.4,1033.18 2 0
github.com/calvarado2004/bakery-go/data/models.go:1033.18,1034.13 1 0
github.com/calvarado2004/bakery-go/data/models.go:1036.4,1037.46 2 0
github.com/calvarado2004/bakery-go/data/models.go:1039.3,1041.33 2 0
github.com/calvarado2004/bakery-go/data/models.go:1044.2,1044.20 1 0
github.com/calvarado2004/bakery-go/data/models.go:1048.79,1055.16 5 0
github.com/calvarado2004/bakery-go/data/models.go:1055.16,1058.3 2 0
github.com/calvarado2004/bakery-go/data/models.go:1059.2,1059.29 1 0
github.com/calvarado2004/bakery-go/data/models.go:1059.29,1061.17 2 0
github.com/calvarado2004/bakery-go/data/models.go:1061.17,1063.4 1 0
github.com/calvarado2004/bakery-go/data/models.go:1066.2,1067.18 2 0
github.com/calvarado2004/bakery-go/data/models.go:1067.18,1070.17 3 0
github.com/calvarado2004/bakery-go/data/models.go:1070.17,1073.4 2 0
github.com/calvarado2004/bakery-go/data/models.go:1076.3,1078.17 3 0
github.com/calvarado2004/bakery-go/data/models.go:1078.17,1080.12 2 0
github.com/calvarado2004/bakery-go/data/models.go:1083.3,1083.25 1 0
github.com/calvarado2004/bakery-go/data/models.go:1083.25,1086.18 3 0
github.com/calvarado2004/bakery-go/data/models.go:1086.18,1088.13 2 0
github.com/calvarado2004/bakery-go/data/models.go:1091.4,1092.18 2 0
github.com/calvarado2004/bakery-go/data/models.go:1092.18,1093.13 1 0
github.com/calvarado2004/bakery-go/data/models.go:1095.4,1096.46 2 0
github.com/calvarado2004/bakery-go/data/models.go:1098.3,1100.33 2 0
github.com/calvarado2004/bakery-go/data/models.go:1103.2,1103.20 1 0
github.com/calvarado2004/bakery-go/data/models.go:1107.80,1121.16 6 1
github.com/calvarado2004/bakery-go/data/models.go:1121.16,1124.3 2 0
github.com/calvarado2004/bakery-go/data/models.go:1126.2,1126.22 1 1
github.com/calvarado2004/bakery-go/data/models.go:1130.81,1144.16 6 1
github.com/calvarado2004/bakery-go/data/models.go:1144.16,1147.3 2 0
github.com/calvarado2004/bakery-go/data/models.go:1149.2,1149.19 1 1
github.com/calvarado2004/bakery-go/data/models.go:1153.70,1160.16 5 1
github.com/calvarado2004/bakery-go/data/models.go:1160.16,1163.3 2 0
github.com/calvarado2004/bakery-go/data/models.go:1164.2,1164.29 1 1
github.com/calvarado2004/bakery-go/data/models.go:1164.29,1166.17 2 1
github.com/calvarado2004/bakery-go/data/models.go:1166.17,1168.4 1 0
github.com/calvarado2004/bakery-go/data/models.go:1171.2,1172.18 2 1
github.com/calvarado2004/bakery-go/data/models.go:1172.18,1175.17 3 0
github.com/calvarado2004/bakery-go/data/models.go:1175.17,1178.4 2 0
github.com/calvarado2004/bakery-go/data/models.go:1181.3,1183.17 3 0
github.com/calvarado2004/bakery-go/data/models.go:1183.17,1185.12 2 0
github.com/calvarado2004/bakery-go/data/models.go:1188.3,1188.25 1 0
github.com/calvarado2004/bakery-go/data/models.go:1188.25,1191.18 3 0
github.com/calvarado2004/bakery-go/data/models.go:1191.18,1193.13 2 0
github.com/calvarado2004/bakery-go/data/models.go:1196.4,1197.18 2 0
github.com/calvarado2004/bakery-go/data/models.go:1197.18,1198.13 1 0
github.com/calvarado2004/bakery-go/data/models.go:1200.4,1201.46 2 0
github.com/calvarado2004/bakery-go/data/models.go:1203.3,1205.33 2 0
github.com/calvarado2004/bakery-go/data/models.go:1208.2,1208.20 1 1
github.com/calvarado2004/bakery-go/data/models.go:1212.89,1228.16 6 1
github.com/calvarado2004/bakery-go/data/models.go:1228.16,1231.3 2 0
github.com/calvarado2004/bakery-go/data/models.go:1233.2,1233.18 1 1
github.com/calvarado2004/bakery-go/data/models.go:1237.74,1253.16 6 1
github.com/calvarado2004/bakery-go/data/models.go:1253.16,1256.3 2 0
github.com/calvarado2004/bakery-go/data/models.go:1258.2,1258.18 1 1
github.com/calvarado2004/bakery-go/data/models.go:1262.75,1267.16 4 1
github.com/calvarado2004/bakery-go/data/models.go:1267.16,1269.3 1 0
github.com/calvarado2004/bakery-go/data/models.go:1271.2,1283.16 4 1
github.com/calvarado2004/bakery-go/data/models.go:1283.16,1286.3 2 0
github.com/calvarado2004/bakery-go/data/models.go:1288.2,1288.19 1 1
github.com/calvarado2004/bakery-go/data/models.go:1292.81,1307.16 6 1
github.com/calvarado2004/bakery-go/data/models.go:1307.16,1310.3 2 0
github.com/calvarado2004/bakery-go/data/models.go:1312.2,1312.22 1 1
github.com/calvarado2004/bakery-go/data/models.go:1316.74,1336.16 6 0
github.com/calvarado2004/bakery-go/data/models.go:1336.16,1339.3 2 0
github.com/calvarado2004/bakery-go/data/models.go:1342.2,1342.37 1 0
github.com/calvarado2004/bakery-go/data/models.go:1342.37,1345.17 3 0
github.com/calvarado2004/bakery-go/data/models.go:1345.17,1347.4 1 0
github.com/calvarado2004/bakery-go/data/models.go:1350.2,1350.19 1 0
github.com/calvarado2004/bakery-go/data/models.go:1354.70,1375.16 7 0
github.com/calvarado2004/bakery-go/data/models.go:1375.16,1378.3 2 0
github.com/calvarado2004/bakery-go/data/models.go:1380.2,1380.18 1 0
github.com/calvarado2004/bakery-go/data/models.go:1380.18,1382.3 1 0
github.com/calvarado2004/bakery-go/data/models.go:1385.2,1387.16 3 0
github.com/calvarado2004/bakery-go/data/models.go:1387.16,1390.3 2 0
github.com/calvarado2004/bakery-go/data/models.go:1391.2,1393.18 2 0
github.com/calvarado2004/bakery-go/data/models.go:1393.18,1396.17 3 0
github.com/calvarado2004/bakery-go/data/models.go:1396.17,1398.12 2 0
github.com/calvarado2004/bakery-go/data/models.go:1400.3,1400.46 1 0
github.com/calvarado2004/bakery-go/data/models.go:1403.2,1403.21 1 0
github.com/calvarado2004/bakery-go/data/models.go:1407.89,1414.16 5 0
github.com/calvarado2004/bakery-go/data/models.go:1414.16,1417.3 2 0
github.com/calvarado2004/bakery-go/data/models.go:1418.2,1421.18 3 0
github.com/calvarado2004/bakery-go/data/models.go:1421.18,1437.17 4 0
github.com/calvarado2004/bakery-go/data/models.go:1437.17,1439.12 2 0
github.com/calvarado2004/bakery-go/data/models.go:1441.3,1441.19 1 0
github.com/calvarado2004/bakery-go/data/models.go:1441.19,1443.4 1 0
github.com/calvarado2004/bakery-go/data/models.go:1444.3,1444.39 1 0
github.com/calvarado2004/bakery-go/data/models.go:1447.2,1447.22 1 0
github.com/calvarado2004/bakery-go/data/models.go:1451.66,1458.16 5 1
github.com/calvarado2004/bakery-go/data/models.go:1458.16,1461.3 2 0
github.com/calvarado2004/bakery-go/data/models.go:1462.2,1465.18 3 1
github.com/calvarado2004/bakery-go/data/models.go:1465.18,1481.17 4 0
github.com/calvarado2004/bakery-go/data/models.go:1481.17,1483.12 2 0
github.com/calvarado2004/bakery-go/data/models.go:1485.3,1485.19 1 0
github.com/calvarado2004/bakery-go/data/models.go:1485.19,1487.4 1 0
github.com/calvarado2004/bakery-go/data/models.go:1488.3,1488.39 1 0
github.com/calvarado2004/bakery-go/data/models.go:1491.2,1491.22 1 1
github.com/calvarado2004/bakery-go/data/models.go:1495.80,1516.16 7 0
github.com/calvarado2004/bakery-go/data/models.go:1516.16,1519.3 2 0
github.com/calvarado2004/bakery-go/data/models.go:1521.2,1521.18 1 0
github.com/calvarado2004/bakery-go/data/models.go:1521.18,1523.3 1 0
github.com/calvarado2004/bakery-go/data/models.go:1525.2,1525.21 1 0
github.com/calvarado2004/bakery-go/data/test_models.go:9.68,13.2 1 1
github.com/calvarado2004/bakery-go/data/test_models.go:15.94,17.2 1 1
github.com/calvarado2004/bakery-go/data/test_models.go:19.82,22.2 1 1
github.com/calvarado2004/bakery-go/data/test_models.go:24.81,26.2 1 1
github.com/calvarado2004/bakery-go/data/test_models.go:28.72,30.2 1 1
github.com/calvarado2004/bakery-go/data/test_models.go:32.94,34.2 1 1
github.com/calvarado2004/bakery-go/data/test_models.go:36.82,38.2 1 1
github.com/calvarado2004/bakery-go/data/test_models.go:40.96,42.2 1 1
github.com/calvarado2004/bakery-go/data/test_models.go:44.101,47.2 1 1
github.com/calvarado2004/bakery-go/data/test_models.go:49.101,64.2 5 1
github.com/calvarado2004/bakery-go/data/test_models.go:66.88,81.2 5 1
github.com/calvarado2004/bakery-go/data/test_models.go:83.71,94.2 3 1
github.com/calvarado2004/bakery-go/data/test_models.go:96.85,108.2 3 1
github.com/calvarado2004/bakery-go/data/test_models.go:110.93,120.2 3 1
github.com/calvarado2004/bakery-go/data/test_models.go:122.91,149.2 6 1
github.com/calvarado2004/bakery-go/data/test_models.go:151.98,179.2 6 1
github.com/calvarado2004/bakery-go/data/test_models.go:181.83,212.2 7 1
github.com/calvarado2004/bakery-go/data/test_models.go:214.68,216.2 1 1
github.com/calvarado2004/bakery-go/data/test_models.go:218.90,220.2 1 0
github.com/calvarado2004/bakery-go/data/test_models.go:222.79,233.2 3 0
