mode: set
github.com/calvarado2004/bakery-go/server/broker_service.go:34.113,38.17 3 1
github.com/calvarado2004/bakery-go/server/broker_service.go:38.17,40.3 1 1
github.com/calvarado2004/bakery-go/server/broker_service.go:43.2,44.16 2 1
github.com/calvarado2004/bakery-go/server/broker_service.go:44.16,50.3 2 1
github.com/calvarado2004/bakery-go/server/broker_service.go:53.2,58.16 4 1
github.com/calvarado2004/bakery-go/server/broker_service.go:58.16,61.3 2 1
github.com/calvarado2004/bakery-go/server/broker_service.go:63.2,69.8 2 1
github.com/calvarado2004/bakery-go/server/broker_service.go:79.138,86.17 3 1
github.com/calvarado2004/bakery-go/server/broker_service.go:86.17,88.3 1 1
github.com/calvarado2004/bakery-go/server/broker_service.go:90.2,91.16 2 1
github.com/calvarado2004/bakery-go/server/broker_service.go:91.16,98.3 2 1
github.com/calvarado2004/bakery-go/server/broker_service.go:100.2,108.8 2 1
github.com/calvarado2004/bakery-go/server/broker_service.go:121.128,125.17 3 1
github.com/calvarado2004/bakery-go/server/broker_service.go:125.17,127.3 1 1
github.com/calvarado2004/bakery-go/server/broker_service.go:129.2,135.17 5 1
github.com/calvarado2004/bakery-go/server/broker_service.go:135.17,138.10 3 0
github.com/calvarado2004/bakery-go/server/broker_service.go:138.10,140.4 1 0
github.com/calvarado2004/bakery-go/server/broker_service.go:142.2,142.15 1 1
github.com/calvarado2004/bakery-go/server/broker_service.go:142.15,144.3 1 1
github.com/calvarado2004/bakery-go/server/broker_service.go:145.2,146.16 2 0
github.com/calvarado2004/bakery-go/server/broker_service.go:146.16,149.3 2 0
github.com/calvarado2004/bakery-go/server/broker_service.go:150.2,152.37 2 0
github.com/calvarado2004/bakery-go/server/broker_service.go:152.37,162.17 3 0
github.com/calvarado2004/bakery-go/server/broker_service.go:162.17,165.4 2 0
github.com/calvarado2004/bakery-go/server/broker_service.go:169.3,173.17 2 0
github.com/calvarado2004/bakery-go/server/broker_service.go:173.17,176.4 2 0
github.com/calvarado2004/bakery-go/server/broker_service.go:179.2,179.35 1 0
github.com/calvarado2004/bakery-go/server/broker_service.go:179.35,182.3 2 0
github.com/calvarado2004/bakery-go/server/broker_service.go:184.2,190.8 2 0
github.com/calvarado2004/bakery-go/server/broker_service.go:196.60,206.28 2 1
github.com/calvarado2004/bakery-go/server/broker_service.go:206.28,208.3 1 0
github.com/calvarado2004/bakery-go/server/broker_service.go:209.2,209.14 1 1
github.com/calvarado2004/bakery-go/server/broker_service.go:214.63,216.29 2 1
github.com/calvarado2004/bakery-go/server/broker_service.go:216.29,222.3 1 1
github.com/calvarado2004/bakery-go/server/broker_service.go:223.2,223.15 1 1
github.com/calvarado2004/bakery-go/server/broker_service.go:228.69,247.36 4 1
github.com/calvarado2004/bakery-go/server/broker_service.go:247.36,254.3 1 1
github.com/calvarado2004/bakery-go/server/broker_service.go:256.2,257.16 2 1
github.com/calvarado2004/bakery-go/server/broker_service.go:257.16,260.3 2 0
github.com/calvarado2004/bakery-go/server/broker_service.go:261.2,261.13 1 1
github.com/calvarado2004/bakery-go/server/gRPCAdmin.go:21.111,23.16 2 1
github.com/calvarado2004/bakery-go/server/gRPCAdmin.go:23.16,26.3 2 1
github.com/calvarado2004/bakery-go/server/gRPCAdmin.go:28.2,35.8 1 1
github.com/calvarado2004/bakery-go/server/gRPCAdmin.go:38.107,40.16 2 1
github.com/calvarado2004/bakery-go/server/gRPCAdmin.go:40.16,43.3 2 1
github.com/calvarado2004/bakery-go/server/gRPCAdmin.go:45.2,46.30 2 1
github.com/calvarado2004/bakery-go/server/gRPCAdmin.go:46.30,54.3 1 1
github.com/calvarado2004/bakery-go/server/gRPCAdmin.go:56.2,56.54 1 1
github.com/calvarado2004/bakery-go/server/gRPCAdmin.go:59.111,61.16 2 1
github.com/calvarado2004/bakery-go/server/gRPCAdmin.go:61.16,64.3 2 1
github.com/calvarado2004/bakery-go/server/gRPCAdmin.go:66.2,67.27 2 1
github.com/calvarado2004/bakery-go/server/gRPCAdmin.go:67.27,75.3 1 1
github.com/calvarado2004/bakery-go/server/gRPCAdmin.go:77.2,77.55 1 1
github.com/calvarado2004/bakery-go/server/gRPCAdmin.go:80.100,82.16 2 1
github.com/calvarado2004/bakery-go/server/gRPCAdmin.go:82.16,85.3 2 1
github.com/calvarado2004/bakery-go/server/gRPCAdmin.go:87.2,88.27 2 1
github.com/calvarado2004/bakery-go/server/gRPCAdmin.go:88.27,101.3 1 1
github.com/calvarado2004/bakery-go/server/gRPCAdmin.go:103.2,103.45 1 1
github.com/calvarado2004/bakery-go/server/gRPCAdmin.go:106.106,108.16 2 1
github.com/calvarado2004/bakery-go/server/gRPCAdmin.go:108.16,111.3 2 1
github.com/calvarado2004/bakery-go/server/gRPCAdmin.go:113.2,124.8 1 1
github.com/calvarado2004/bakery-go/server/gRPCAdmin.go:127.109,141.16 3 1
github.com/calvarado2004/bakery-go/server/gRPCAdmin.go:141.16,144.3 2 1
github.com/calvarado2004/bakery-go/server/gRPCAdmin.go:146.2,157.8 1 1
github.com/calvarado2004/bakery-go/server/gRPCAdmin.go:160.109,172.16 3 1
github.com/calvarado2004/bakery-go/server/gRPCAdmin.go:172.16,175.3 2 1
github.com/calvarado2004/bakery-go/server/gRPCAdmin.go:178.2,179.16 2 1
github.com/calvarado2004/bakery-go/server/gRPCAdmin.go:179.16,182.3 2 1
github.com/calvarado2004/bakery-go/server/gRPCAdmin.go:184.2,195.8 1 1
github.com/calvarado2004/bakery-go/server/gRPCAdmin.go:198.109,200.16 2 1
github.com/calvarado2004/bakery-go/server/gRPCAdmin.go:200.16,203.3 2 1
github.com/calvarado2004/bakery-go/server/gRPCAdmin.go:205.2,205.25 1 1
github.com/calvarado2004/bakery-go/server/gRPCAdmin.go:208.106,210.16 2 1
github.com/calvarado2004/bakery-go/server/gRPCAdmin.go:210.16,213.3 2 1
github.com/calvarado2004/bakery-go/server/gRPCAdmin.go:215.2,216.27 2 1
github.com/calvarado2004/bakery-go/server/gRPCAdmin.go:216.27,229.3 1 1
github.com/calvarado2004/bakery-go/server/gRPCAdmin.go:231.2,231.45 1 1
github.com/calvarado2004/bakery-go/server/gRPCAdmin.go:234.124,237.16 3 1
github.com/calvarado2004/bakery-go/server/gRPCAdmin.go:237.16,240.3 2 1
github.com/calvarado2004/bakery-go/server/gRPCAdmin.go:241.2,244.16 3 1
github.com/calvarado2004/bakery-go/server/gRPCAdmin.go:244.16,247.3 2 1
github.com/calvarado2004/bakery-go/server/gRPCAdmin.go:248.2,251.16 3 1
github.com/calvarado2004/bakery-go/server/gRPCAdmin.go:251.16,253.3 1 0
github.com/calvarado2004/bakery-go/server/gRPCAdmin.go:256.2,256.30 1 1
github.com/calvarado2004/bakery-go/server/gRPCAdmin.go:256.30,258.17 2 1
github.com/calvarado2004/bakery-go/server/gRPCAdmin.go:258.17,261.4 1 0
github.com/calvarado2004/bakery-go/server/gRPCAdmin.go:261.9,263.4 1 1
github.com/calvarado2004/bakery-go/server/gRPCAdmin.go:266.2,274.20 3 1
github.com/calvarado2004/bakery-go/server/gRPCAdmin.go:278.99,281.42 2 1
github.com/calvarado2004/bakery-go/server/gRPCAdmin.go:281.42,284.3 2 1
github.com/calvarado2004/bakery-go/server/gRPCAdmin.go:287.2,296.37 6 1
github.com/calvarado2004/bakery-go/server/gRPCAdmin.go:296.37,305.3 2 1
github.com/calvarado2004/bakery-go/server/gRPCAdmin.go:308.2,323.16 4 1
github.com/calvarado2004/bakery-go/server/gRPCAdmin.go:323.16,325.3 1 0
github.com/calvarado2004/bakery-go/server/gRPCAdmin.go:327.2,328.12 2 1
github.com/calvarado2004/bakery-go/server/gRPCAdmin.go:331.131,333.16 2 1
github.com/calvarado2004/bakery-go/server/gRPCAdmin.go:333.16,336.3 2 1
github.com/calvarado2004/bakery-go/server/gRPCAdmin.go:338.2,339.16 2 1
github.com/calvarado2004/bakery-go/server/gRPCAdmin.go:339.16,342.3 2 1
github.com/calvarado2004/bakery-go/server/gRPCAdmin.go:344.2,345.27 2 1
github.com/calvarado2004/bakery-go/server/gRPCAdmin.go:345.27,354.3 2 1
github.com/calvarado2004/bakery-go/server/gRPCAdmin.go:356.2,365.8 1 1
github.com/calvarado2004/bakery-go/server/gRPCAdmin.go:368.127,370.16 2 1
github.com/calvarado2004/bakery-go/server/gRPCAdmin.go:370.16,373.3 2 1
github.com/calvarado2004/bakery-go/server/gRPCAdmin.go:375.2,376.16 2 1
github.com/calvarado2004/bakery-go/server/gRPCAdmin.go:376.16,379.3 2 1
github.com/calvarado2004/bakery-go/server/gRPCAdmin.go:381.2,382.27 2 1
github.com/calvarado2004/bakery-go/server/gRPCAdmin.go:382.27,384.30 2 1
github.com/calvarado2004/bakery-go/server/gRPCAdmin.go:384.30,394.4 1 0
github.com/calvarado2004/bakery-go/server/gRPCAdmin.go:395.3,402.5 1 1
github.com/calvarado2004/bakery-go/server/gRPCAdmin.go:405.2,414.8 1 1
github.com/calvarado2004/bakery-go/server/gRPCAdmin.go:417.104,419.16 2 1
github.com/calvarado2004/bakery-go/server/gRPCAdmin.go:419.16,422.3 2 1
github.com/calvarado2004/bakery-go/server/gRPCAdmin.go:424.2,426.27 3 1
github.com/calvarado2004/bakery-go/server/gRPCAdmin.go:426.27,437.30 4 1
github.com/calvarado2004/bakery-go/server/gRPCAdmin.go:437.30,448.4 1 1
github.com/calvarado2004/bakery-go/server/gRPCAdmin.go:451.2,454.8 1 1
github.com/calvarado2004/bakery-go/server/gRPCAdmin.go:457.109,459.16 2 1
github.com/calvarado2004/bakery-go/server/gRPCAdmin.go:459.16,462.3 2 1
github.com/calvarado2004/bakery-go/server/gRPCAdmin.go:464.2,465.27 2 1
github.com/calvarado2004/bakery-go/server/gRPCAdmin.go:465.27,467.30 2 1
github.com/calvarado2004/bakery-go/server/gRPCAdmin.go:467.30,477.4 1 1
github.com/calvarado2004/bakery-go/server/gRPCAdmin.go:478.3,485.5 1 1
github.com/calvarado2004/bakery-go/server/gRPCAdmin.go:488.2,488.53 1 1
github.com/calvarado2004/bakery-go/server/gRPCAuth.go:26.28,27.21 1 1
github.com/calvarado2004/bakery-go/server/gRPCAuth.go:27.21,29.19 2 1
github.com/calvarado2004/bakery-go/server/gRPCAuth.go:29.19,31.4 1 0
github.com/calvarado2004/bakery-go/server/gRPCAuth.go:32.3,32.30 1 1
github.com/calvarado2004/bakery-go/server/gRPCAuth.go:34.2,34.19 1 1
github.com/calvarado2004/bakery-go/server/gRPCAuth.go:58.62,60.9 2 1
github.com/calvarado2004/bakery-go/server/gRPCAuth.go:60.9,62.3 1 1
github.com/calvarado2004/bakery-go/server/gRPCAuth.go:64.2,65.22 2 1
github.com/calvarado2004/bakery-go/server/gRPCAuth.go:65.22,67.3 1 0
github.com/calvarado2004/bakery-go/server/gRPCAuth.go:70.2,73.101 3 1
github.com/calvarado2004/bakery-go/server/gRPCAuth.go:73.101,74.58 1 1
github.com/calvarado2004/bakery-go/server/gRPCAuth.go:74.58,76.4 1 0
github.com/calvarado2004/bakery-go/server/gRPCAuth.go:77.3,77.29 1 1
github.com/calvarado2004/bakery-go/server/gRPCAuth.go:79.2,79.32 1 1
github.com/calvarado2004/bakery-go/server/gRPCAuth.go:79.32,81.3 1 0
github.com/calvarado2004/bakery-go/server/gRPCAuth.go:83.2,83.32 1 1
github.com/calvarado2004/bakery-go/server/gRPCAuth.go:83.32,85.3 1 0
github.com/calvarado2004/bakery-go/server/gRPCAuth.go:87.2,87.20 1 1
github.com/calvarado2004/bakery-go/server/gRPCAuth.go:90.109,92.16 2 1
github.com/calvarado2004/bakery-go/server/gRPCAuth.go:92.16,98.3 2 1
github.com/calvarado2004/bakery-go/server/gRPCAuth.go:101.2,102.16 2 1
github.com/calvarado2004/bakery-go/server/gRPCAuth.go:102.16,108.3 2 1
github.com/calvarado2004/bakery-go/server/gRPCAuth.go:111.2,126.16 5 1
github.com/calvarado2004/bakery-go/server/gRPCAuth.go:126.16,129.3 2 0
github.com/calvarado2004/bakery-go/server/gRPCAuth.go:131.2,142.8 1 1
github.com/calvarado2004/bakery-go/server/gRPCAuth.go:145.128,147.16 2 1
github.com/calvarado2004/bakery-go/server/gRPCAuth.go:147.16,153.3 2 1
github.com/calvarado2004/bakery-go/server/gRPCAuth.go:156.2,157.16 2 1
github.com/calvarado2004/bakery-go/server/gRPCAuth.go:157.16,163.3 2 1
github.com/calvarado2004/bakery-go/server/gRPCAuth.go:166.2,180.16 5 1
github.com/calvarado2004/bakery-go/server/gRPCAuth.go:180.16,183.3 2 0
github.com/calvarado2004/bakery-go/server/gRPCAuth.go:185.2,196.8 1 1
github.com/calvarado2004/bakery-go/server/gRPCAuth.go:199.128,202.98 2 1
github.com/calvarado2004/bakery-go/server/gRPCAuth.go:202.98,203.58 1 1
github.com/calvarado2004/bakery-go/server/gRPCAuth.go:203.58,205.4 1 0
github.com/calvarado2004/bakery-go/server/gRPCAuth.go:206.3,206.29 1 1
github.com/calvarado2004/bakery-go/server/gRPCAuth.go:209.2,209.32 1 1
github.com/calvarado2004/bakery-go/server/gRPCAuth.go:209.32,213.3 1 1
github.com/calvarado2004/bakery-go/server/gRPCAuth.go:215.2,219.8 1 1
github.com/calvarado2004/bakery-go/server/gRPCAuth.go:222.120,225.16 2 1
github.com/calvarado2004/bakery-go/server/gRPCAuth.go:225.16,228.3 2 1
github.com/calvarado2004/bakery-go/server/gRPCAuth.go:229.2,240.16 4 1
github.com/calvarado2004/bakery-go/server/gRPCAuth.go:240.16,243.3 2 1
github.com/calvarado2004/bakery-go/server/gRPCAuth.go:245.2,251.8 1 1
github.com/calvarado2004/bakery-go/server/gRPCBakery.go:18.104,21.16 2 0
github.com/calvarado2004/bakery-go/server/gRPCBakery.go:21.16,24.3 2 0
github.com/calvarado2004/bakery-go/server/gRPCBakery.go:25.2,25.40 1 0
github.com/calvarado2004/bakery-go/server/gRPCBakery.go:25.40,27.17 2 0
github.com/calvarado2004/bakery-go/server/gRPCBakery.go:27.17,29.4 1 0
github.com/calvarado2004/bakery-go/server/gRPCBakery.go:32.2,33.16 2 0
github.com/calvarado2004/bakery-go/server/gRPCBakery.go:33.16,36.3 2 0
github.com/calvarado2004/bakery-go/server/gRPCBakery.go:37.2,37.35 1 0
github.com/calvarado2004/bakery-go/server/gRPCBakery.go:37.35,39.17 2 0
github.com/calvarado2004/bakery-go/server/gRPCBakery.go:39.17,41.4 1 0
github.com/calvarado2004/bakery-go/server/gRPCBakery.go:44.2,48.37 3 0
github.com/calvarado2004/bakery-go/server/gRPCBakery.go:48.37,52.17 3 0
github.com/calvarado2004/bakery-go/server/gRPCBakery.go:52.17,54.4 1 0
github.com/calvarado2004/bakery-go/server/gRPCBakery.go:56.3,66.17 2 0
github.com/calvarado2004/bakery-go/server/gRPCBakery.go:66.17,68.4 1 0
github.com/calvarado2004/bakery-go/server/gRPCBakery.go:70.3,70.53 1 0
github.com/calvarado2004/bakery-go/server/gRPCBakery.go:74.2,74.51 1 0
github.com/calvarado2004/bakery-go/server/gRPCBakery.go:78.112,81.16 2 0
github.com/calvarado2004/bakery-go/server/gRPCBakery.go:81.16,84.3 2 0
github.com/calvarado2004/bakery-go/server/gRPCBakery.go:85.2,85.40 1 0
github.com/calvarado2004/bakery-go/server/gRPCBakery.go:85.40,87.17 2 0
github.com/calvarado2004/bakery-go/server/gRPCBakery.go:87.17,89.4 1 0
github.com/calvarado2004/bakery-go/server/gRPCBakery.go:92.2,93.16 2 0
github.com/calvarado2004/bakery-go/server/gRPCBakery.go:93.16,96.3 2 0
github.com/calvarado2004/bakery-go/server/gRPCBakery.go:97.2,97.35 1 0
github.com/calvarado2004/bakery-go/server/gRPCBakery.go:97.35,99.17 2 0
github.com/calvarado2004/bakery-go/server/gRPCBakery.go:99.17,101.4 1 0
github.com/calvarado2004/bakery-go/server/gRPCBakery.go:104.2,108.37 3 0
github.com/calvarado2004/bakery-go/server/gRPCBakery.go:108.37,112.17 3 0
github.com/calvarado2004/bakery-go/server/gRPCBakery.go:112.17,114.4 1 0
github.com/calvarado2004/bakery-go/server/gRPCBakery.go:116.3,128.17 3 0
github.com/calvarado2004/bakery-go/server/gRPCBakery.go:128.17,130.4 1 0
github.com/calvarado2004/bakery-go/server/gRPCBakery.go:132.3,132.53 1 0
github.com/calvarado2004/bakery-go/server/gRPCBakery.go:136.2,136.51 1 0
github.com/calvarado2004/bakery-go/server/gRPCBakery.go:140.112,143.16 2 0
github.com/calvarado2004/bakery-go/server/gRPCBakery.go:143.16,146.3 2 0
github.com/calvarado2004/bakery-go/server/gRPCBakery.go:147.2,147.40 1 0
github.com/calvarado2004/bakery-go/server/gRPCBakery.go:147.40,149.17 2 0
github.com/calvarado2004/bakery-go/server/gRPCBakery.go:149.17,151.4 1 0
github.com/calvarado2004/bakery-go/server/gRPCBakery.go:154.2,155.16 2 0
github.com/calvarado2004/bakery-go/server/gRPCBakery.go:155.16,158.3 2 0
github.com/calvarado2004/bakery-go/server/gRPCBakery.go:159.2,159.35 1 0
github.com/calvarado2004/bakery-go/server/gRPCBakery.go:159.35,161.17 2 0
github.com/calvarado2004/bakery-go/server/gRPCBakery.go:161.17,163.4 1 0
github.com/calvarado2004/bakery-go/server/gRPCBakery.go:166.2,175.16 2 0
github.com/calvarado2004/bakery-go/server/gRPCBakery.go:175.16,178.3 1 0
github.com/calvarado2004/bakery-go/server/gRPCBakery.go:180.2,182.22 2 0
github.com/calvarado2004/bakery-go/server/gRPCBakery.go:182.22,185.17 3 0
github.com/calvarado2004/bakery-go/server/gRPCBakery.go:185.17,187.18 2 0
github.com/calvarado2004/bakery-go/server/gRPCBakery.go:187.18,190.5 2 0
github.com/calvarado2004/bakery-go/server/gRPCBakery.go:191.4,191.83 1 0
github.com/calvarado2004/bakery-go/server/gRPCBakery.go:194.3,198.52 3 0
github.com/calvarado2004/bakery-go/server/gRPCBakery.go:198.52,200.18 2 0
github.com/calvarado2004/bakery-go/server/gRPCBakery.go:200.18,202.5 1 0
github.com/calvarado2004/bakery-go/server/gRPCBakery.go:203.4,203.14 1 0
github.com/calvarado2004/bakery-go/server/gRPCBakery.go:206.3,207.17 2 0
github.com/calvarado2004/bakery-go/server/gRPCBakery.go:207.17,209.4 1 0
github.com/calvarado2004/bakery-go/server/gRPCBakery.go:213.2,213.12 1 0
github.com/calvarado2004/bakery-go/server/gRPCBakery.go:217.120,220.16 2 1
github.com/calvarado2004/bakery-go/server/gRPCBakery.go:220.16,223.3 2 1
github.com/calvarado2004/bakery-go/server/gRPCBakery.go:225.2,225.22 1 1
github.com/calvarado2004/bakery-go/server/gRPCBakery.go:225.22,227.3 1 1
github.com/calvarado2004/bakery-go/server/gRPCBakery.go:229.2,233.31 3 1
github.com/calvarado2004/bakery-go/server/gRPCBakery.go:233.31,247.3 12 1
github.com/calvarado2004/bakery-go/server/gRPCBakery.go:249.2,251.29 2 1
github.com/calvarado2004/bakery-go/server/gRPCBakery.go:254.142,256.6 1 0
github.com/calvarado2004/bakery-go/server/gRPCBakery.go:256.6,258.17 2 0
github.com/calvarado2004/bakery-go/server/gRPCBakery.go:258.17,260.4 1 0
github.com/calvarado2004/bakery-go/server/gRPCBakery.go:262.3,262.23 1 0
github.com/calvarado2004/bakery-go/server/gRPCBakery.go:262.23,264.4 1 0
github.com/calvarado2004/bakery-go/server/gRPCBakery.go:266.3,266.32 1 0
github.com/calvarado2004/bakery-go/server/gRPCBakery.go:266.32,286.55 13 0
github.com/calvarado2004/bakery-go/server/gRPCBakery.go:286.55,288.5 1 0
github.com/calvarado2004/bakery-go/server/gRPCBakery.go:292.3,292.31 1 0
github.com/calvarado2004/bakery-go/server/gRPCBakery.go:297.104,300.16 2 0
github.com/calvarado2004/bakery-go/server/gRPCBakery.go:300.16,303.3 2 0
github.com/calvarado2004/bakery-go/server/gRPCBakery.go:304.2,304.40 1 0
github.com/calvarado2004/bakery-go/server/gRPCBakery.go:304.40,306.17 2 0
github.com/calvarado2004/bakery-go/server/gRPCBakery.go:306.17,308.4 1 0
github.com/calvarado2004/bakery-go/server/gRPCBakery.go:311.2,312.16 2 0
github.com/calvarado2004/bakery-go/server/gRPCBakery.go:312.16,315.3 2 0
github.com/calvarado2004/bakery-go/server/gRPCBakery.go:317.2,319.27 2 0
github.com/calvarado2004/bakery-go/server/gRPCBakery.go:319.27,321.3 1 0
github.com/calvarado2004/bakery-go/server/gRPCBakery.go:321.8,323.3 1 0
github.com/calvarado2004/bakery-go/server/gRPCBakery.go:326.2,329.27 2 0
github.com/calvarado2004/bakery-go/server/gRPCBakery.go:329.27,333.3 3 0
github.com/calvarado2004/bakery-go/server/gRPCBakery.go:335.2,341.21 3 0
github.com/calvarado2004/bakery-go/server/gRPCBakery.go:341.21,343.3 1 0
github.com/calvarado2004/bakery-go/server/gRPCBakery.go:345.2,353.36 4 0
github.com/calvarado2004/bakery-go/server/gRPCBakery.go:353.36,359.17 3 0
github.com/calvarado2004/bakery-go/server/gRPCBakery.go:359.17,371.4 2 0
github.com/calvarado2004/bakery-go/server/gRPCBakery.go:371.9,375.4 3 0
github.com/calvarado2004/bakery-go/server/gRPCBakery.go:376.3,376.53 1 0
github.com/calvarado2004/bakery-go/server/gRPCBakery.go:379.2,380.16 2 0
github.com/calvarado2004/bakery-go/server/gRPCBakery.go:380.16,382.3 1 0
github.com/calvarado2004/bakery-go/server/gRPCBakery.go:384.2,384.9 1 0
github.com/calvarado2004/bakery-go/server/gRPCBakery.go:385.20,387.73 1 0
github.com/calvarado2004/bakery-go/server/gRPCBakery.go:388.10,399.17 2 0
github.com/calvarado2004/bakery-go/server/gRPCBakery.go:399.17,401.4 1 0
github.com/calvarado2004/bakery-go/server/gRPCBakery.go:402.3,402.36 1 0
github.com/calvarado2004/bakery-go/server/gRPCBakery.go:402.36,404.18 2 0
github.com/calvarado2004/bakery-go/server/gRPCBakery.go:404.18,406.5 1 0
github.com/calvarado2004/bakery-go/server/gRPCBakery.go:409.3,410.47 2 0
github.com/calvarado2004/bakery-go/server/gRPCBakery.go:410.47,421.4 1 0
github.com/calvarado2004/bakery-go/server/gRPCBakery.go:423.3,427.9 1 0
github.com/calvarado2004/bakery-go/server/gRPCBakery.go:443.109,450.23 5 1
github.com/calvarado2004/bakery-go/server/gRPCBakery.go:450.23,453.3 2 0
github.com/calvarado2004/bakery-go/server/gRPCBakery.go:456.2,460.9 4 1
github.com/calvarado2004/bakery-go/server/gRPCBakery.go:461.21,462.15 1 1
github.com/calvarado2004/bakery-go/server/gRPCBakery.go:462.15,467.4 2 1
github.com/calvarado2004/bakery-go/server/gRPCBakery.go:468.3,469.12 2 1
github.com/calvarado2004/bakery-go/server/gRPCBakery.go:470.20,472.92 2 1
github.com/calvarado2004/bakery-go/server/gRPCBakery.go:473.38,478.19 3 0
github.com/calvarado2004/bakery-go/server/gRPCBakery.go:478.19,480.4 1 0
github.com/calvarado2004/bakery-go/server/gRPCBakery.go:483.2,484.16 2 1
github.com/calvarado2004/bakery-go/server/gRPCBakery.go:484.16,487.3 2 0
github.com/calvarado2004/bakery-go/server/gRPCBakery.go:489.2,495.4 2 1
github.com/calvarado2004/bakery-go/server/gRPCBakery.go:500.99,502.16 2 0
github.com/calvarado2004/bakery-go/server/gRPCBakery.go:502.16,505.3 2 0
github.com/calvarado2004/bakery-go/server/gRPCBakery.go:506.2,506.61 1 0
github.com/calvarado2004/bakery-go/server/gRPCBakery.go:506.61,509.3 2 0
github.com/calvarado2004/bakery-go/server/gRPCBakery.go:510.2,510.12 1 0
github.com/calvarado2004/bakery-go/server/gRPCBakery.go:513.116,517.16 2 1
github.com/calvarado2004/bakery-go/server/gRPCBakery.go:517.16,519.3 1 1
github.com/calvarado2004/bakery-go/server/gRPCBakery.go:522.2,523.16 2 1
github.com/calvarado2004/bakery-go/server/gRPCBakery.go:523.16,525.3 1 0
github.com/calvarado2004/bakery-go/server/gRPCBakery.go:528.2,529.46 2 1
github.com/calvarado2004/bakery-go/server/gRPCBakery.go:529.46,540.3 1 0
github.com/calvarado2004/bakery-go/server/gRPCBakery.go:543.2,544.31 2 1
github.com/calvarado2004/bakery-go/server/gRPCBakery.go:544.31,555.3 1 0
github.com/calvarado2004/bakery-go/server/gRPCBakery.go:558.2,577.30 5 1
github.com/calvarado2004/bakery-go/server/gRPCBakery.go:581.126,586.27 3 1
github.com/calvarado2004/bakery-go/server/gRPCBakery.go:586.27,589.17 2 1
github.com/calvarado2004/bakery-go/server/gRPCBakery.go:589.17,591.4 1 1
github.com/calvarado2004/bakery-go/server/gRPCBakery.go:592.3,592.60 1 1
github.com/calvarado2004/bakery-go/server/gRPCBakery.go:594.8,597.17 2 1
github.com/calvarado2004/bakery-go/server/gRPCBakery.go:597.17,599.4 1 0
github.com/calvarado2004/bakery-go/server/gRPCBakery.go:602.2,602.55 1 1
github.com/calvarado2004/bakery-go/server/gRPCBakery.go:602.55,606.17 2 1
github.com/calvarado2004/bakery-go/server/gRPCBakery.go:606.17,608.4 1 0
github.com/calvarado2004/bakery-go/server/gRPCBakery.go:611.3,612.50 2 1
github.com/calvarado2004/bakery-go/server/gRPCBakery.go:612.50,623.4 1 0
github.com/calvarado2004/bakery-go/server/gRPCBakery.go:626.3,627.32 2 1
github.com/calvarado2004/bakery-go/server/gRPCBakery.go:627.32,638.4 1 0
github.com/calvarado2004/bakery-go/server/gRPCBakery.go:641.3,661.55 5 1
github.com/calvarado2004/bakery-go/server/gRPCBakery.go:661.55,663.4 1 1
github.com/calvarado2004/bakery-go/server/gRPCBakery.go:667.2,667.12 1 1
github.com/calvarado2004/bakery-go/server/gRPCBakery.go:670.112,673.16 2 0
github.com/calvarado2004/bakery-go/server/gRPCBakery.go:673.16,676.3 2 0
github.com/calvarado2004/bakery-go/server/gRPCBakery.go:677.2,677.40 1 0
github.com/calvarado2004/bakery-go/server/gRPCBakery.go:677.40,679.17 2 0
github.com/calvarado2004/bakery-go/server/gRPCBakery.go:679.17,681.4 1 0
github.com/calvarado2004/bakery-go/server/gRPCBakery.go:684.2,685.16 2 0
github.com/calvarado2004/bakery-go/server/gRPCBakery.go:685.16,688.3 2 0
github.com/calvarado2004/bakery-go/server/gRPCBakery.go:689.2,689.35 1 0
github.com/calvarado2004/bakery-go/server/gRPCBakery.go:689.35,691.17 2 0
github.com/calvarado2004/bakery-go/server/gRPCBakery.go:691.17,693.4 1 0
github.com/calvarado2004/bakery-go/server/gRPCBakery.go:696.2,699.38 3 0
github.com/calvarado2004/bakery-go/server/gRPCBakery.go:699.38,703.17 3 0
github.com/calvarado2004/bakery-go/server/gRPCBakery.go:703.17,705.4 1 0
github.com/calvarado2004/bakery-go/server/gRPCBakery.go:707.3,717.17 2 0
github.com/calvarado2004/bakery-go/server/gRPCBakery.go:717.17,719.4 1 0
github.com/calvarado2004/bakery-go/server/gRPCBakery.go:721.3,721.59 1 0
github.com/calvarado2004/bakery-go/server/gRPCBakery.go:725.2,725.54 1 0
github.com/calvarado2004/bakery-go/server/gRPCBakery.go:728.127,731.16 2 0
github.com/calvarado2004/bakery-go/server/gRPCBakery.go:731.16,734.3 2 0
github.com/calvarado2004/bakery-go/server/gRPCBakery.go:735.2,735.40 1 0
github.com/calvarado2004/bakery-go/server/gRPCBakery.go:735.40,737.17 2 0
github.com/calvarado2004/bakery-go/server/gRPCBakery.go:737.17,739.4 1 0
github.com/calvarado2004/bakery-go/server/gRPCBakery.go:742.2,743.16 2 0
github.com/calvarado2004/bakery-go/server/gRPCBakery.go:743.16,746.3 2 0
github.com/calvarado2004/bakery-go/server/gRPCBakery.go:747.2,747.35 1 0
github.com/calvarado2004/bakery-go/server/gRPCBakery.go:747.35,749.17 2 0
github.com/calvarado2004/bakery-go/server/gRPCBakery.go:749.17,751.4 1 0
github.com/calvarado2004/bakery-go/server/gRPCBakery.go:754.2,763.16 2 0
github.com/calvarado2004/bakery-go/server/gRPCBakery.go:763.16,765.3 1 0
github.com/calvarado2004/bakery-go/server/gRPCBakery.go:767.2,767.31 1 0
github.com/calvarado2004/bakery-go/server/gRPCBakery.go:767.31,770.17 3 0
github.com/calvarado2004/bakery-go/server/gRPCBakery.go:770.17,772.4 1 0
github.com/calvarado2004/bakery-go/server/gRPCBakery.go:774.3,775.52 2 0
github.com/calvarado2004/bakery-go/server/gRPCBakery.go:775.52,777.4 1 0
github.com/calvarado2004/bakery-go/server/gRPCBakery.go:779.3,780.17 2 0
github.com/calvarado2004/bakery-go/server/gRPCBakery.go:780.17,783.4 2 0
github.com/calvarado2004/bakery-go/server/gRPCBakery.go:786.2,786.12 1 0
github.com/calvarado2004/bakery-go/server/gRPCInterceptor.go:20.56,21.52 1 1
github.com/calvarado2004/bakery-go/server/gRPCInterceptor.go:21.52,23.53 2 1
github.com/calvarado2004/bakery-go/server/gRPCInterceptor.go:23.53,25.4 1 1
github.com/calvarado2004/bakery-go/server/gRPCInterceptor.go:27.2,27.10 1 1
github.com/calvarado2004/bakery-go/server/gRPCInterceptor.go:38.142,40.8 2 0
github.com/calvarado2004/bakery-go/server/gRPCInterceptor.go:40.8,41.65 1 0
github.com/calvarado2004/bakery-go/server/gRPCInterceptor.go:41.65,45.28 3 0
github.com/calvarado2004/bakery-go/server/gRPCInterceptor.go:45.28,47.5 1 0
github.com/calvarado2004/bakery-go/server/gRPCInterceptor.go:48.4,48.33 1 0
github.com/calvarado2004/bakery-go/server/gRPCInterceptor.go:48.33,49.27 1 0
github.com/calvarado2004/bakery-go/server/gRPCInterceptor.go:49.27,51.11 2 0
github.com/calvarado2004/bakery-go/server/gRPCInterceptor.go:54.4,54.13 1 0
github.com/calvarado2004/bakery-go/server/gRPCInterceptor.go:54.13,56.5 1 0
github.com/calvarado2004/bakery-go/server/gRPCInterceptor.go:60.2,60.26 1 0
github.com/calvarado2004/bakery-go/server/gRPCInvoice.go:21.117,24.16 2 1
github.com/calvarado2004/bakery-go/server/gRPCInvoice.go:24.16,27.3 2 1
github.com/calvarado2004/bakery-go/server/gRPCInvoice.go:30.2,31.42 2 1
github.com/calvarado2004/bakery-go/server/gRPCInvoice.go:31.42,33.3 1 1
github.com/calvarado2004/bakery-go/server/gRPCInvoice.go:36.2,38.37 3 1
github.com/calvarado2004/bakery-go/server/gRPCInvoice.go:38.37,48.3 3 1
github.com/calvarado2004/bakery-go/server/gRPCInvoice.go:50.2,70.16 7 1
github.com/calvarado2004/bakery-go/server/gRPCInvoice.go:70.16,73.3 2 1
github.com/calvarado2004/bakery-go/server/gRPCInvoice.go:75.2,78.38 3 1
github.com/calvarado2004/bakery-go/server/gRPCInvoice.go:81.110,83.16 2 1
github.com/calvarado2004/bakery-go/server/gRPCInvoice.go:83.16,86.3 2 1
github.com/calvarado2004/bakery-go/server/gRPCInvoice.go:88.2,88.38 1 1
github.com/calvarado2004/bakery-go/server/gRPCInvoice.go:91.130,93.16 2 1
github.com/calvarado2004/bakery-go/server/gRPCInvoice.go:93.16,96.3 2 0
github.com/calvarado2004/bakery-go/server/gRPCInvoice.go:98.2,99.31 2 1
github.com/calvarado2004/bakery-go/server/gRPCInvoice.go:99.31,101.3 1 1
github.com/calvarado2004/bakery-go/server/gRPCInvoice.go:103.2,103.51 1 1
github.com/calvarado2004/bakery-go/server/gRPCInvoice.go:106.107,108.16 2 1
github.com/calvarado2004/bakery-go/server/gRPCInvoice.go:108.16,111.3 2 0
github.com/calvarado2004/bakery-go/server/gRPCInvoice.go:113.2,114.31 2 1
github.com/calvarado2004/bakery-go/server/gRPCInvoice.go:114.31,116.3 1 1
github.com/calvarado2004/bakery-go/server/gRPCInvoice.go:118.2,118.51 1 1
github.com/calvarado2004/bakery-go/server/gRPCInvoice.go:121.56,123.37 2 1
github.com/calvarado2004/bakery-go/server/gRPCInvoice.go:123.37,133.3 1 1
github.com/calvarado2004/bakery-go/server/gRPCInvoice.go:135.2,136.27 2 1
github.com/calvarado2004/bakery-go/server/gRPCInvoice.go:136.27,138.3 1 0
github.com/calvarado2004/bakery-go/server/gRPCInvoice.go:140.2,153.3 1 1
github.com/calvarado2004/bakery-go/server/gRPCInvoice.go:162.134,164.16 2 1
github.com/calvarado2004/bakery-go/server/gRPCInvoice.go:164.16,167.3 2 1
github.com/calvarado2004/bakery-go/server/gRPCInvoice.go:169.2,170.16 2 1
github.com/calvarado2004/bakery-go/server/gRPCInvoice.go:170.16,173.3 2 0
github.com/calvarado2004/bakery-go/server/gRPCInvoice.go:175.2,176.27 2 1
github.com/calvarado2004/bakery-go/server/gRPCInvoice.go:176.27,184.3 2 1
github.com/calvarado2004/bakery-go/server/gRPCInvoice.go:186.2,195.8 1 1
github.com/calvarado2004/bakery-go/server/gRPCInvoice.go:198.125,200.16 2 1
github.com/calvarado2004/bakery-go/server/gRPCInvoice.go:200.16,203.3 2 0
github.com/calvarado2004/bakery-go/server/gRPCInvoice.go:205.2,206.31 2 1
github.com/calvarado2004/bakery-go/server/gRPCInvoice.go:206.31,208.3 1 1
github.com/calvarado2004/bakery-go/server/gRPCInvoice.go:210.2,210.51 1 1
github.com/calvarado2004/bakery-go/server/gRPCInvoice.go:213.139,215.16 2 1
github.com/calvarado2004/bakery-go/server/gRPCInvoice.go:215.16,218.3 2 1
github.com/calvarado2004/bakery-go/server/gRPCInvoice.go:220.2,223.37 3 1
github.com/calvarado2004/bakery-go/server/gRPCInvoice.go:223.37,234.3 1 1
github.com/calvarado2004/bakery-go/server/gRPCInvoice.go:236.2,245.8 1 1
github.com/calvarado2004/bakery-go/server/main.go:71.42,73.16 2 1
github.com/calvarado2004/bakery-go/server/main.go:73.16,76.3 2 0
github.com/calvarado2004/bakery-go/server/main.go:78.2,78.33 1 1
github.com/calvarado2004/bakery-go/server/main.go:78.33,81.3 2 1
github.com/calvarado2004/bakery-go/server/main.go:83.2,83.16 1 1
github.com/calvarado2004/bakery-go/server/main.go:87.28,90.6 2 1
github.com/calvarado2004/bakery-go/server/main.go:90.6,92.17 2 1
github.com/calvarado2004/bakery-go/server/main.go:92.17,95.4 2 0
github.com/calvarado2004/bakery-go/server/main.go:95.9,98.4 2 1
github.com/calvarado2004/bakery-go/server/main.go:100.3,100.18 1 0
github.com/calvarado2004/bakery-go/server/main.go:100.18,103.4 2 0
github.com/calvarado2004/bakery-go/server/main.go:105.3,107.11 3 0
github.com/calvarado2004/bakery-go/server/main.go:112.44,116.2 3 1
github.com/calvarado2004/bakery-go/server/main.go:120.98,121.19 1 1
github.com/calvarado2004/bakery-go/server/main.go:121.19,123.3 1 1
github.com/calvarado2004/bakery-go/server/main.go:124.2,128.3 1 1
github.com/calvarado2004/bakery-go/server/main.go:131.13,139.16 3 0
github.com/calvarado2004/bakery-go/server/main.go:139.16,141.3 1 0
github.com/calvarado2004/bakery-go/server/main.go:143.2,146.19 3 0
github.com/calvarado2004/bakery-go/server/main.go:146.19,148.3 1 0
github.com/calvarado2004/bakery-go/server/main.go:151.2,230.45 28 0
github.com/calvarado2004/bakery-go/server/main.go:235.86,238.12 1 0
github.com/calvarado2004/bakery-go/server/main.go:238.12,240.7 2 0
github.com/calvarado2004/bakery-go/server/main.go:240.7,242.18 2 0
github.com/calvarado2004/bakery-go/server/main.go:242.18,244.5 1 0
github.com/calvarado2004/bakery-go/server/main.go:245.4,245.32 1 0
github.com/calvarado2004/bakery-go/server/main.go:253.2,259.12 3 0
github.com/calvarado2004/bakery-go/server/main.go:259.12,262.46 1 0
github.com/calvarado2004/bakery-go/server/main.go:262.46,264.4 1 0
github.com/calvarado2004/bakery-go/server/main.go:268.2,268.9 1 0
github.com/calvarado2004/bakery-go/server/middleware.go:27.50,28.64 1 1
github.com/calvarado2004/bakery-go/server/middleware.go:28.64,30.3 1 1
github.com/calvarado2004/bakery-go/server/middleware.go:31.2,31.52 1 1
github.com/calvarado2004/bakery-go/server/middleware.go:31.52,33.3 1 1
github.com/calvarado2004/bakery-go/server/middleware.go:34.2,34.21 1 1
github.com/calvarado2004/bakery-go/server/middleware.go:107.47,108.42 1 1
github.com/calvarado2004/bakery-go/server/middleware.go:108.42,110.3 1 1
github.com/calvarado2004/bakery-go/server/middleware.go:112.2,112.21 1 1
github.com/calvarado2004/bakery-go/server/middleware.go:116.81,118.24 2 1
github.com/calvarado2004/bakery-go/server/middleware.go:118.24,120.3 1 1
github.com/calvarado2004/bakery-go/server/middleware.go:122.2,123.9 2 1
github.com/calvarado2004/bakery-go/server/middleware.go:123.9,125.3 1 1
github.com/calvarado2004/bakery-go/server/middleware.go:127.2,128.22 2 1
github.com/calvarado2004/bakery-go/server/middleware.go:128.22,130.3 1 1
github.com/calvarado2004/bakery-go/server/middleware.go:132.2,133.58 2 1
github.com/calvarado2004/bakery-go/server/middleware.go:133.58,135.3 1 1
github.com/calvarado2004/bakery-go/server/middleware.go:137.2,138.97 2 1
github.com/calvarado2004/bakery-go/server/middleware.go:138.97,139.54 1 0
github.com/calvarado2004/bakery-go/server/middleware.go:139.54,141.4 1 0
github.com/calvarado2004/bakery-go/server/middleware.go:142.3,142.29 1 0
github.com/calvarado2004/bakery-go/server/middleware.go:144.2,144.32 1 1
github.com/calvarado2004/bakery-go/server/middleware.go:144.32,146.3 1 1
github.com/calvarado2004/bakery-go/server/middleware.go:148.2,148.75 1 0
github.com/calvarado2004/bakery-go/server/middleware.go:148.75,151.3 1 0
github.com/calvarado2004/bakery-go/server/middleware.go:153.2,153.53 1 0
github.com/calvarado2004/bakery-go/server/middleware.go:157.56,158.47 1 1
github.com/calvarado2004/bakery-go/server/middleware.go:158.47,160.3 1 0
github.com/calvarado2004/bakery-go/server/middleware.go:161.2,161.12 1 1
github.com/calvarado2004/bakery-go/server/middleware.go:170.54,185.2 1 1
github.com/calvarado2004/bakery-go/server/middleware.go:189.48,191.122 1 1
github.com/calvarado2004/bakery-go/server/middleware.go:191.122,195.36 3 0
github.com/calvarado2004/bakery-go/server/middleware.go:195.36,198.5 2 0
github.com/calvarado2004/bakery-go/server/middleware.go:201.4,202.18 2 0
github.com/calvarado2004/bakery-go/server/middleware.go:202.18,204.5 1 0
github.com/calvarado2004/bakery-go/server/middleware.go:207.4,210.28 2 0
github.com/calvarado2004/bakery-go/server/middleware.go:217.60,219.9 2 1
github.com/calvarado2004/bakery-go/server/middleware.go:219.9,221.3 1 0
github.com/calvarado2004/bakery-go/server/middleware.go:222.2,223.35 2 1
github.com/calvarado2004/bakery-go/server/middleware.go:223.35,225.3 1 1
github.com/calvarado2004/bakery-go/server/middleware.go:227.2,229.11 3 1
github.com/calvarado2004/bakery-go/server/middleware.go:229.11,230.32 1 1
github.com/calvarado2004/bakery-go/server/middleware.go:230.32,231.26 1 1
github.com/calvarado2004/bakery-go/server/middleware.go:231.26,233.10 2 1
github.com/calvarado2004/bakery-go/server/middleware.go:237.2,237.11 1 1
github.com/calvarado2004/bakery-go/server/middleware.go:237.11,239.3 1 1
github.com/calvarado2004/bakery-go/server/middleware.go:240.2,240.12 1 1
github.com/calvarado2004/bakery-go/server/middleware.go:261.57,265.2 3 1
github.com/calvarado2004/bakery-go/server/middleware.go:268.62,272.2 3 1
github.com/calvarado2004/bakery-go/server/middleware.go:275.60,279.2 3 1
github.com/calvarado2004/bakery-go/server/middleware.go:282.64,290.2 3 1
github.com/calvarado2004/bakery-go/server/middleware.go:294.44,298.6 3 1
github.com/calvarado2004/bakery-go/server/middleware.go:298.6,299.10 1 1
github.com/calvarado2004/bakery-go/server/middleware.go:300.21,301.10 1 1
github.com/calvarado2004/bakery-go/server/middleware.go:302.19,303.46 1 1
github.com/calvarado2004/bakery-go/server/middleware.go:303.46,304.61 1 1
github.com/calvarado2004/bakery-go/server/middleware.go:304.61,308.6 1 0
github.com/calvarado2004/bakery-go/server/rabbitBakery.go:17.38,20.16 2 0
github.com/calvarado2004/bakery-go/server/rabbitBakery.go:20.16,23.3 2 0
github.com/calvarado2004/bakery-go/server/rabbitBakery.go:24.2,24.40 1 0
github.com/calvarado2004/bakery-go/server/rabbitBakery.go:24.40,26.17 2 0
github.com/calvarado2004/bakery-go/server/rabbitBakery.go:26.17,28.4 1 0
github.com/calvarado2004/bakery-go/server/rabbitBakery.go:31.2,32.16 2 0
github.com/calvarado2004/bakery-go/server/rabbitBakery.go:32.16,35.3 2 0
github.com/calvarado2004/bakery-go/server/rabbitBakery.go:36.2,36.35 1 0
github.com/calvarado2004/bakery-go/server/rabbitBakery.go:36.35,38.17 2 0
github.com/calvarado2004/bakery-go/server/rabbitBakery.go:38.17,40.4 1 0
github.com/calvarado2004/bakery-go/server/rabbitBakery.go:45.2,53.16 2 0
github.com/calvarado2004/bakery-go/server/rabbitBakery.go:53.16,55.3 1 0
github.com/calvarado2004/bakery-go/server/rabbitBakery.go:57.2,57.50 1 0
github.com/calvarado2004/bakery-go/server/rabbitBakery.go:62.50,64.16 2 1
github.com/calvarado2004/bakery-go/server/rabbitBakery.go:64.16,66.3 1 0
github.com/calvarado2004/bakery-go/server/rabbitBakery.go:68.2,68.22 1 1
github.com/calvarado2004/bakery-go/server/rabbitBakery.go:68.22,71.3 2 1
github.com/calvarado2004/bakery-go/server/rabbitBakery.go:75.2,75.31 1 0
github.com/calvarado2004/bakery-go/server/rabbitBakery.go:75.31,76.27 1 0
github.com/calvarado2004/bakery-go/server/rabbitBakery.go:76.27,85.18 3 0
github.com/calvarado2004/bakery-go/server/rabbitBakery.go:85.18,87.13 2 0
github.com/calvarado2004/bakery-go/server/rabbitBakery.go:91.4,102.18 3 0
github.com/calvarado2004/bakery-go/server/rabbitBakery.go:102.18,104.13 2 0
github.com/calvarado2004/bakery-go/server/rabbitBakery.go:107.4,108.18 2 0
github.com/calvarado2004/bakery-go/server/rabbitBakery.go:108.18,110.13 2 0
github.com/calvarado2004/bakery-go/server/rabbitBakery.go:112.4,113.18 2 0
github.com/calvarado2004/bakery-go/server/rabbitBakery.go:113.18,116.13 3 0
github.com/calvarado2004/bakery-go/server/rabbitBakery.go:119.4,128.18 2 0
github.com/calvarado2004/bakery-go/server/rabbitBakery.go:128.18,130.5 1 0
github.com/calvarado2004/bakery-go/server/rabbitBakery.go:130.10,132.5 1 0
github.com/calvarado2004/bakery-go/server/rabbitBakery.go:133.4,134.16 2 0
github.com/calvarado2004/bakery-go/server/rabbitBakery.go:135.9,137.4 1 0
github.com/calvarado2004/bakery-go/server/rabbitBakery.go:140.2,140.12 1 0
github.com/calvarado2004/bakery-go/server/rabbitBakery.go:145.50,212.31 2 1
github.com/calvarado2004/bakery-go/server/rabbitBakery.go:212.31,214.17 2 1
github.com/calvarado2004/bakery-go/server/rabbitBakery.go:214.17,216.4 1 1
github.com/calvarado2004/bakery-go/server/rabbitBakery.go:217.3,217.45 1 1
github.com/calvarado2004/bakery-go/server/rabbitBakery.go:220.2,229.16 3 1
github.com/calvarado2004/bakery-go/server/rabbitBakery.go:229.16,232.3 1 0
github.com/calvarado2004/bakery-go/server/rabbitBakery.go:234.2,234.55 1 1
github.com/calvarado2004/bakery-go/server/rabbitBakery.go:248.52,251.6 2 0
github.com/calvarado2004/bakery-go/server/rabbitBakery.go:251.6,253.17 2 0
github.com/calvarado2004/bakery-go/server/rabbitBakery.go:253.17,256.12 3 0
github.com/calvarado2004/bakery-go/server/rabbitBakery.go:259.3,260.17 2 0
github.com/calvarado2004/bakery-go/server/rabbitBakery.go:260.17,264.12 4 0
github.com/calvarado2004/bakery-go/server/rabbitBakery.go:268.3,268.50 1 0
github.com/calvarado2004/bakery-go/server/rabbitBakery.go:268.50,273.12 5 0
github.com/calvarado2004/bakery-go/server/rabbitBakery.go:276.3,285.17 2 0
github.com/calvarado2004/bakery-go/server/rabbitBakery.go:285.17,290.12 5 0
github.com/calvarado2004/bakery-go/server/rabbitBakery.go:293.3,293.27 1 0
github.com/calvarado2004/bakery-go/server/rabbitBakery.go:293.27,295.55 2 0
github.com/calvarado2004/bakery-go/server/rabbitBakery.go:295.55,298.13 3 0
github.com/calvarado2004/bakery-go/server/rabbitBakery.go:301.4,304.88 2 0
github.com/calvarado2004/bakery-go/server/rabbitBakery.go:304.88,307.13 3 0
github.com/calvarado2004/bakery-go/server/rabbitBakery.go:310.4,311.82 2 0
github.com/calvarado2004/bakery-go/server/rabbitBakery.go:315.3,318.29 4 0
github.com/calvarado2004/bakery-go/server/rabbitmq_dialer.go:19.64,21.2 1 0
github.com/calvarado2004/bakery-go/server/settlement_dispatcher.go:53.91,59.2 1 1
github.com/calvarado2004/bakery-go/server/settlement_dispatcher.go:63.41,65.2 1 0
github.com/calvarado2004/bakery-go/server/settlement_dispatcher.go:67.40,68.6 1 0
github.com/calvarado2004/bakery-go/server/settlement_dispatcher.go:68.6,69.38 1 0
github.com/calvarado2004/bakery-go/server/settlement_dispatcher.go:69.38,72.4 2 0
github.com/calvarado2004/bakery-go/server/settlement_dispatcher.go:76.49,78.16 2 0
github.com/calvarado2004/bakery-go/server/settlement_dispatcher.go:78.16,80.3 1 0
github.com/calvarado2004/bakery-go/server/settlement_dispatcher.go:81.2,84.16 3 0
github.com/calvarado2004/bakery-go/server/settlement_dispatcher.go:84.16,86.3 1 0
github.com/calvarado2004/bakery-go/server/settlement_dispatcher.go:87.2,98.16 3 0
github.com/calvarado2004/bakery-go/server/settlement_dispatcher.go:98.16,100.3 1 0
github.com/calvarado2004/bakery-go/server/settlement_dispatcher.go:102.2,104.37 2 0
github.com/calvarado2004/bakery-go/server/settlement_dispatcher.go:104.37,114.91 3 0
github.com/calvarado2004/bakery-go/server/settlement_dispatcher.go:114.91,117.4 1 0
github.com/calvarado2004/bakery-go/server/settlement_dispatcher.go:117.9,119.64 1 0
github.com/calvarado2004/bakery-go/server/settlement_dispatcher.go:119.64,122.13 3 0
github.com/calvarado2004/bakery-go/server/settlement_dispatcher.go:126.3,128.45 2 0
github.com/calvarado2004/bakery-go/server/settlement_dispatcher.go:128.45,130.4 1 0
github.com/calvarado2004/bakery-go/server/settlement_dispatcher.go:130.9,135.4 1 0
github.com/calvarado2004/bakery-go/server/settlement_dispatcher.go:138.2,138.12 1 0
github.com/calvarado2004/bakery-go/server/settlement_dispatcher.go:144.81,146.34 2 1
github.com/calvarado2004/bakery-go/server/settlement_dispatcher.go:146.34,151.22 4 1
github.com/calvarado2004/bakery-go/server/settlement_dispatcher.go:151.22,152.11 1 1
github.com/calvarado2004/bakery-go/server/settlement_dispatcher.go:153.23,154.16 1 1
github.com/calvarado2004/bakery-go/server/settlement_dispatcher.go:155.12,155.12 0 0
github.com/calvarado2004/bakery-go/server/settlement_dispatcher.go:160.3,160.36 1 1
github.com/calvarado2004/bakery-go/server/settlement_dispatcher.go:162.2,162.14 1 1
github.com/calvarado2004/bakery-go/server/settlement_dispatcher.go:167.77,172.37 3 1
github.com/calvarado2004/bakery-go/server/settlement_dispatcher.go:172.37,175.3 2 1
github.com/calvarado2004/bakery-go/server/settlement_dispatcher.go:177.2,179.11 3 1
github.com/calvarado2004/bakery-go/server/settlement_dispatcher.go:183.57,187.35 3 1
github.com/calvarado2004/bakery-go/server/settlement_dispatcher.go:187.35,191.3 3 1
