mode: count
github.com/calvarado2004/bakery-go/frontend/cmd/web/admin_handlers.go:37.89,45.2 2 4
github.com/calvarado2004/bakery-go/frontend/cmd/web/admin_handlers.go:47.68,53.16 3 1
github.com/calvarado2004/bakery-go/frontend/cmd/web/admin_handlers.go:53.16,57.3 3 1
github.com/calvarado2004/bakery-go/frontend/cmd/web/admin_handlers.go:58.2,61.16 3 0
github.com/calvarado2004/bakery-go/frontend/cmd/web/admin_handlers.go:61.16,64.3 2 0
github.com/calvarado2004/bakery-go/frontend/cmd/web/admin_handlers.go:66.2,67.16 2 0
github.com/calvarado2004/bakery-go/frontend/cmd/web/admin_handlers.go:67.16,69.3 1 0
github.com/calvarado2004/bakery-go/frontend/cmd/web/admin_handlers.go:71.2,72.16 2 0
github.com/calvarado2004/bakery-go/frontend/cmd/web/admin_handlers.go:72.16,74.3 1 0
github.com/calvarado2004/bakery-go/frontend/cmd/web/admin_handlers.go:76.2,78.19 3 0
github.com/calvarado2004/bakery-go/frontend/cmd/web/admin_handlers.go:78.19,80.3 1 0
github.com/calvarado2004/bakery-go/frontend/cmd/web/admin_handlers.go:81.2,81.48 1 0
github.com/calvarado2004/bakery-go/frontend/cmd/web/admin_handlers.go:81.48,83.3 1 0
github.com/calvarado2004/bakery-go/frontend/cmd/web/admin_handlers.go:83.8,83.26 1 0
github.com/calvarado2004/bakery-go/frontend/cmd/web/admin_handlers.go:83.26,85.3 1 0
github.com/calvarado2004/bakery-go/frontend/cmd/web/admin_handlers.go:88.2,89.9 2 0
github.com/calvarado2004/bakery-go/frontend/cmd/web/admin_handlers.go:89.9,92.3 2 0
github.com/calvarado2004/bakery-go/frontend/cmd/web/admin_handlers.go:93.2,94.16 2 0
github.com/calvarado2004/bakery-go/frontend/cmd/web/admin_handlers.go:94.16,96.3 1 0
github.com/calvarado2004/bakery-go/frontend/cmd/web/admin_handlers.go:99.68,103.16 3 1
github.com/calvarado2004/bakery-go/frontend/cmd/web/admin_handlers.go:103.16,107.3 3 1
github.com/calvarado2004/bakery-go/frontend/cmd/web/admin_handlers.go:108.2,111.16 3 0
github.com/calvarado2004/bakery-go/frontend/cmd/web/admin_handlers.go:111.16,115.3 3 0
github.com/calvarado2004/bakery-go/frontend/cmd/web/admin_handlers.go:117.2,123.9 6 0
github.com/calvarado2004/bakery-go/frontend/cmd/web/admin_handlers.go:123.9,126.3 2 0
github.com/calvarado2004/bakery-go/frontend/cmd/web/admin_handlers.go:127.2,128.16 2 0
github.com/calvarado2004/bakery-go/frontend/cmd/web/admin_handlers.go:128.16,130.3 1 0
github.com/calvarado2004/bakery-go/frontend/cmd/web/admin_handlers.go:133.67,138.9 4 2
github.com/calvarado2004/bakery-go/frontend/cmd/web/admin_handlers.go:138.9,141.3 2 0
github.com/calvarado2004/bakery-go/frontend/cmd/web/admin_handlers.go:142.2,143.16 2 2
github.com/calvarado2004/bakery-go/frontend/cmd/web/admin_handlers.go:143.16,145.3 1 0
github.com/calvarado2004/bakery-go/frontend/cmd/web/admin_handlers.go:148.70,150.16 2 1
github.com/calvarado2004/bakery-go/frontend/cmd/web/admin_handlers.go:150.16,153.3 2 0
github.com/calvarado2004/bakery-go/frontend/cmd/web/admin_handlers.go:155.2,160.16 5 1
github.com/calvarado2004/bakery-go/frontend/cmd/web/admin_handlers.go:160.16,164.3 3 1
github.com/calvarado2004/bakery-go/frontend/cmd/web/admin_handlers.go:165.2,175.16 3 0
github.com/calvarado2004/bakery-go/frontend/cmd/web/admin_handlers.go:175.16,179.3 3 0
github.com/calvarado2004/bakery-go/frontend/cmd/web/admin_handlers.go:181.2,181.93 1 0
github.com/calvarado2004/bakery-go/frontend/cmd/web/admin_handlers.go:184.68,190.16 5 1
github.com/calvarado2004/bakery-go/frontend/cmd/web/admin_handlers.go:190.16,194.3 3 1
github.com/calvarado2004/bakery-go/frontend/cmd/web/admin_handlers.go:195.2,198.16 3 0
github.com/calvarado2004/bakery-go/frontend/cmd/web/admin_handlers.go:198.16,202.3 3 0
github.com/calvarado2004/bakery-go/frontend/cmd/web/admin_handlers.go:204.2,209.9 5 0
github.com/calvarado2004/bakery-go/frontend/cmd/web/admin_handlers.go:209.9,212.3 2 0
github.com/calvarado2004/bakery-go/frontend/cmd/web/admin_handlers.go:213.2,214.16 2 0
github.com/calvarado2004/bakery-go/frontend/cmd/web/admin_handlers.go:214.16,216.3 1 0
github.com/calvarado2004/bakery-go/frontend/cmd/web/admin_handlers.go:219.70,224.16 4 1
github.com/calvarado2004/bakery-go/frontend/cmd/web/admin_handlers.go:224.16,227.3 2 0
github.com/calvarado2004/bakery-go/frontend/cmd/web/admin_handlers.go:229.2,234.16 5 1
github.com/calvarado2004/bakery-go/frontend/cmd/web/admin_handlers.go:234.16,238.3 3 1
github.com/calvarado2004/bakery-go/frontend/cmd/web/admin_handlers.go:239.2,250.16 3 0
github.com/calvarado2004/bakery-go/frontend/cmd/web/admin_handlers.go:250.16,254.3 3 0
github.com/calvarado2004/bakery-go/frontend/cmd/web/admin_handlers.go:256.2,256.93 1 0
github.com/calvarado2004/bakery-go/frontend/cmd/web/admin_handlers.go:259.70,265.16 5 1
github.com/calvarado2004/bakery-go/frontend/cmd/web/admin_handlers.go:265.16,269.3 3 1
github.com/calvarado2004/bakery-go/frontend/cmd/web/admin_handlers.go:270.2,273.16 3 0
github.com/calvarado2004/bakery-go/frontend/cmd/web/admin_handlers.go:273.16,277.3 3 0
github.com/calvarado2004/bakery-go/frontend/cmd/web/admin_handlers.go:279.2,279.93 1 0
github.com/calvarado2004/bakery-go/frontend/cmd/web/admin_handlers.go:282.65,285.16 3 1
github.com/calvarado2004/bakery-go/frontend/cmd/web/admin_handlers.go:285.16,289.3 3 1
github.com/calvarado2004/bakery-go/frontend/cmd/web/admin_handlers.go:290.2,293.16 3 0
github.com/calvarado2004/bakery-go/frontend/cmd/web/admin_handlers.go:293.16,297.3 3 0
github.com/calvarado2004/bakery-go/frontend/cmd/web/admin_handlers.go:300.2,300.37 1 0
github.com/calvarado2004/bakery-go/frontend/cmd/web/admin_handlers.go:300.37,302.3 1 0
github.com/calvarado2004/bakery-go/frontend/cmd/web/admin_handlers.go:304.2,310.9 6 0
github.com/calvarado2004/bakery-go/frontend/cmd/web/admin_handlers.go:310.9,313.3 2 0
github.com/calvarado2004/bakery-go/frontend/cmd/web/admin_handlers.go:314.2,315.16 2 0
github.com/calvarado2004/bakery-go/frontend/cmd/web/admin_handlers.go:315.16,317.3 1 0
github.com/calvarado2004/bakery-go/frontend/cmd/web/admin_handlers.go:320.70,325.16 4 1
github.com/calvarado2004/bakery-go/frontend/cmd/web/admin_handlers.go:325.16,328.3 2 0
github.com/calvarado2004/bakery-go/frontend/cmd/web/admin_handlers.go:330.2,335.16 5 1
github.com/calvarado2004/bakery-go/frontend/cmd/web/admin_handlers.go:335.16,339.3 3 1
github.com/calvarado2004/bakery-go/frontend/cmd/web/admin_handlers.go:340.2,346.16 3 0
github.com/calvarado2004/bakery-go/frontend/cmd/web/admin_handlers.go:346.16,350.3 3 0
github.com/calvarado2004/bakery-go/frontend/cmd/web/admin_handlers.go:352.2,353.88 2 0
github.com/calvarado2004/bakery-go/frontend/cmd/web/admin_handlers.go:356.68,359.16 3 1
github.com/calvarado2004/bakery-go/frontend/cmd/web/admin_handlers.go:359.16,363.3 3 1
github.com/calvarado2004/bakery-go/frontend/cmd/web/admin_handlers.go:364.2,367.16 3 0
github.com/calvarado2004/bakery-go/frontend/cmd/web/admin_handlers.go:367.16,371.3 3 0
github.com/calvarado2004/bakery-go/frontend/cmd/web/admin_handlers.go:373.2,377.9 4 0
github.com/calvarado2004/bakery-go/frontend/cmd/web/admin_handlers.go:377.9,380.3 2 0
github.com/calvarado2004/bakery-go/frontend/cmd/web/admin_handlers.go:381.2,382.16 2 0
github.com/calvarado2004/bakery-go/frontend/cmd/web/admin_handlers.go:382.16,384.3 1 0
github.com/calvarado2004/bakery-go/frontend/cmd/web/admin_handlers.go:387.73,393.16 5 1
github.com/calvarado2004/bakery-go/frontend/cmd/web/admin_handlers.go:393.16,397.3 3 1
github.com/calvarado2004/bakery-go/frontend/cmd/web/admin_handlers.go:398.2,401.16 3 0
github.com/calvarado2004/bakery-go/frontend/cmd/web/admin_handlers.go:401.16,405.3 3 0
github.com/calvarado2004/bakery-go/frontend/cmd/web/admin_handlers.go:407.2,412.9 5 0
github.com/calvarado2004/bakery-go/frontend/cmd/web/admin_handlers.go:412.9,415.3 2 0
github.com/calvarado2004/bakery-go/frontend/cmd/web/admin_handlers.go:416.2,417.16 2 0
github.com/calvarado2004/bakery-go/frontend/cmd/web/admin_handlers.go:417.16,419.3 1 0
github.com/calvarado2004/bakery-go/frontend/cmd/web/admin_handlers.go:422.65,425.16 3 1
github.com/calvarado2004/bakery-go/frontend/cmd/web/admin_handlers.go:425.16,429.3 3 1
github.com/calvarado2004/bakery-go/frontend/cmd/web/admin_handlers.go:430.2,433.16 3 0
github.com/calvarado2004/bakery-go/frontend/cmd/web/admin_handlers.go:433.16,437.3 3 0
github.com/calvarado2004/bakery-go/frontend/cmd/web/admin_handlers.go:439.2,443.9 4 0
github.com/calvarado2004/bakery-go/frontend/cmd/web/admin_handlers.go:443.9,446.3 2 0
github.com/calvarado2004/bakery-go/frontend/cmd/web/admin_handlers.go:447.2,448.16 2 0
github.com/calvarado2004/bakery-go/frontend/cmd/web/admin_handlers.go:448.16,450.3 1 0
github.com/calvarado2004/bakery-go/frontend/cmd/web/admin_handlers.go:453.70,459.16 5 1
github.com/calvarado2004/bakery-go/frontend/cmd/web/admin_handlers.go:459.16,463.3 3 1
github.com/calvarado2004/bakery-go/frontend/cmd/web/admin_handlers.go:464.2,467.16 3 0
github.com/calvarado2004/bakery-go/frontend/cmd/web/admin_handlers.go:467.16,471.3 3 0
github.com/calvarado2004/bakery-go/frontend/cmd/web/admin_handlers.go:473.2,478.9 5 0
github.com/calvarado2004/bakery-go/frontend/cmd/web/admin_handlers.go:478.9,481.3 2 0
github.com/calvarado2004/bakery-go/frontend/cmd/web/admin_handlers.go:482.2,483.16 2 0
github.com/calvarado2004/bakery-go/frontend/cmd/web/admin_handlers.go:483.16,485.3 1 0
github.com/calvarado2004/bakery-go/frontend/cmd/web/admin_handlers.go:488.65,491.16 3 1
github.com/calvarado2004/bakery-go/frontend/cmd/web/admin_handlers.go:491.16,495.3 3 1
github.com/calvarado2004/bakery-go/frontend/cmd/web/admin_handlers.go:496.2,499.16 3 0
github.com/calvarado2004/bakery-go/frontend/cmd/web/admin_handlers.go:499.16,503.3 3 0
github.com/calvarado2004/bakery-go/frontend/cmd/web/admin_handlers.go:505.2,511.9 6 0
github.com/calvarado2004/bakery-go/frontend/cmd/web/admin_handlers.go:511.9,514.3 2 0
github.com/calvarado2004/bakery-go/frontend/cmd/web/admin_handlers.go:515.2,516.16 2 0
github.com/calvarado2004/bakery-go/frontend/cmd/web/admin_handlers.go:516.16,518.3 1 0
github.com/calvarado2004/bakery-go/frontend/cmd/web/admin_handlers.go:521.74,529.9 6 1
github.com/calvarado2004/bakery-go/frontend/cmd/web/admin_handlers.go:529.9,532.3 2 0
github.com/calvarado2004/bakery-go/frontend/cmd/web/admin_handlers.go:534.2,534.6 1 1
github.com/calvarado2004/bakery-go/frontend/cmd/web/admin_handlers.go:534.6,535.10 1 1
github.com/calvarado2004/bakery-go/frontend/cmd/web/admin_handlers.go:536.29,537.10 1 0
github.com/calvarado2004/bakery-go/frontend/cmd/web/admin_handlers.go:538.11,540.18 2 1
github.com/calvarado2004/bakery-go/frontend/cmd/web/admin_handlers.go:540.18,543.5 2 1
github.com/calvarado2004/bakery-go/frontend/cmd/web/admin_handlers.go:544.4,546.18 3 0
github.com/calvarado2004/bakery-go/frontend/cmd/web/admin_handlers.go:546.18,548.13 2 0
github.com/calvarado2004/bakery-go/frontend/cmd/web/admin_handlers.go:551.4,552.18 2 0
github.com/calvarado2004/bakery-go/frontend/cmd/web/admin_handlers.go:552.18,554.13 2 0
github.com/calvarado2004/bakery-go/frontend/cmd/web/admin_handlers.go:557.4,560.32 3 0
github.com/calvarado2004/bakery-go/frontend/cmd/web/admin_handlers.go:565.71,573.9 6 1
github.com/calvarado2004/bakery-go/frontend/cmd/web/admin_handlers.go:573.9,576.3 2 0
github.com/calvarado2004/bakery-go/frontend/cmd/web/admin_handlers.go:578.2,578.6 1 1
github.com/calvarado2004/bakery-go/frontend/cmd/web/admin_handlers.go:578.6,579.10 1 1
github.com/calvarado2004/bakery-go/frontend/cmd/web/admin_handlers.go:580.29,581.10 1 0
github.com/calvarado2004/bakery-go/frontend/cmd/web/admin_handlers.go:582.11,584.18 2 1
github.com/calvarado2004/bakery-go/frontend/cmd/web/admin_handlers.go:584.18,587.5 2 1
github.com/calvarado2004/bakery-go/frontend/cmd/web/admin_handlers.go:588.4,590.18 3 0
github.com/calvarado2004/bakery-go/frontend/cmd/web/admin_handlers.go:590.18,592.13 2 0
github.com/calvarado2004/bakery-go/frontend/cmd/web/admin_handlers.go:595.4,596.18 2 0
github.com/calvarado2004/bakery-go/frontend/cmd/web/admin_handlers.go:596.18,598.13 2 0
github.com/calvarado2004/bakery-go/frontend/cmd/web/admin_handlers.go:601.4,604.32 3 0
github.com/calvarado2004/bakery-go/frontend/cmd/web/admin_handlers.go:609.73,614.16 4 1
github.com/calvarado2004/bakery-go/frontend/cmd/web/admin_handlers.go:614.16,617.3 2 0
github.com/calvarado2004/bakery-go/frontend/cmd/web/admin_handlers.go:619.2,623.16 4 1
github.com/calvarado2004/bakery-go/frontend/cmd/web/admin_handlers.go:623.16,627.3 3 1
github.com/calvarado2004/bakery-go/frontend/cmd/web/admin_handlers.go:628.2,632.16 3 0
github.com/calvarado2004/bakery-go/frontend/cmd/web/admin_handlers.go:632.16,636.3 3 0
github.com/calvarado2004/bakery-go/frontend/cmd/web/admin_handlers.go:639.2,648.16 2 0
github.com/calvarado2004/bakery-go/frontend/cmd/web/admin_handlers.go:648.16,652.3 3 0
github.com/calvarado2004/bakery-go/frontend/cmd/web/admin_handlers.go:654.2,654.97 1 0
github.com/calvarado2004/bakery-go/frontend/cmd/web/auth_handlers.go:23.28,24.21 1 32
github.com/calvarado2004/bakery-go/frontend/cmd/web/auth_handlers.go:24.21,26.19 2 1
github.com/calvarado2004/bakery-go/frontend/cmd/web/auth_handlers.go:26.19,28.4 1 0
github.com/calvarado2004/bakery-go/frontend/cmd/web/auth_handlers.go:29.3,29.30 1 1
github.com/calvarado2004/bakery-go/frontend/cmd/web/auth_handlers.go:31.2,31.19 1 32
github.com/calvarado2004/bakery-go/frontend/cmd/web/auth_handlers.go:52.65,54.16 2 23
github.com/calvarado2004/bakery-go/frontend/cmd/web/auth_handlers.go:54.16,56.3 1 19
github.com/calvarado2004/bakery-go/frontend/cmd/web/auth_handlers.go:57.2,57.24 1 4
github.com/calvarado2004/bakery-go/frontend/cmd/web/auth_handlers.go:57.24,59.3 1 1
github.com/calvarado2004/bakery-go/frontend/cmd/web/auth_handlers.go:60.2,61.58 2 3
github.com/calvarado2004/bakery-go/frontend/cmd/web/auth_handlers.go:66.119,68.16 2 19
github.com/calvarado2004/bakery-go/frontend/cmd/web/auth_handlers.go:68.16,70.3 1 18
github.com/calvarado2004/bakery-go/frontend/cmd/web/auth_handlers.go:71.2,72.25 2 1
github.com/calvarado2004/bakery-go/frontend/cmd/web/auth_handlers.go:77.68,79.38 2 5
github.com/calvarado2004/bakery-go/frontend/cmd/web/auth_handlers.go:79.38,80.43 1 2
github.com/calvarado2004/bakery-go/frontend/cmd/web/auth_handlers.go:80.43,83.4 2 1
github.com/calvarado2004/bakery-go/frontend/cmd/web/auth_handlers.go:86.2,93.9 3 4
github.com/calvarado2004/bakery-go/frontend/cmd/web/auth_handlers.go:93.9,96.3 2 0
github.com/calvarado2004/bakery-go/frontend/cmd/web/auth_handlers.go:97.2,98.16 2 4
github.com/calvarado2004/bakery-go/frontend/cmd/web/auth_handlers.go:98.16,100.3 1 0
github.com/calvarado2004/bakery-go/frontend/cmd/web/auth_handlers.go:103.64,105.16 2 0
github.com/calvarado2004/bakery-go/frontend/cmd/web/auth_handlers.go:105.16,108.3 2 0
github.com/calvarado2004/bakery-go/frontend/cmd/web/auth_handlers.go:110.2,121.16 7 0
github.com/calvarado2004/bakery-go/frontend/cmd/web/auth_handlers.go:121.16,125.3 3 0
github.com/calvarado2004/bakery-go/frontend/cmd/web/auth_handlers.go:127.2,127.23 1 0
github.com/calvarado2004/bakery-go/frontend/cmd/web/auth_handlers.go:127.23,130.3 2 0
github.com/calvarado2004/bakery-go/frontend/cmd/web/auth_handlers.go:132.2,141.52 2 0
github.com/calvarado2004/bakery-go/frontend/cmd/web/auth_handlers.go:144.65,153.2 2 2
github.com/calvarado2004/bakery-go/frontend/cmd/web/auth_handlers.go:157.71,159.38 2 4
github.com/calvarado2004/bakery-go/frontend/cmd/web/auth_handlers.go:159.38,160.46 1 1
github.com/calvarado2004/bakery-go/frontend/cmd/web/auth_handlers.go:160.46,163.4 2 1
github.com/calvarado2004/bakery-go/frontend/cmd/web/auth_handlers.go:166.2,173.9 3 3
github.com/calvarado2004/bakery-go/frontend/cmd/web/auth_handlers.go:173.9,176.3 2 0
github.com/calvarado2004/bakery-go/frontend/cmd/web/auth_handlers.go:177.2,178.16 2 3
github.com/calvarado2004/bakery-go/frontend/cmd/web/auth_handlers.go:178.16,180.3 1 0
github.com/calvarado2004/bakery-go/frontend/cmd/web/auth_handlers.go:183.67,185.16 2 0
github.com/calvarado2004/bakery-go/frontend/cmd/web/auth_handlers.go:185.16,188.3 2 0
github.com/calvarado2004/bakery-go/frontend/cmd/web/auth_handlers.go:190.2,201.16 7 0
github.com/calvarado2004/bakery-go/frontend/cmd/web/auth_handlers.go:201.16,205.3 3 0
github.com/calvarado2004/bakery-go/frontend/cmd/web/auth_handlers.go:207.2,207.23 1 0
github.com/calvarado2004/bakery-go/frontend/cmd/web/auth_handlers.go:207.23,210.3 2 0
github.com/calvarado2004/bakery-go/frontend/cmd/web/auth_handlers.go:212.2,221.53 2 0
github.com/calvarado2004/bakery-go/frontend/cmd/web/auth_handlers.go:224.68,233.2 2 1
github.com/calvarado2004/bakery-go/frontend/cmd/web/auth_handlers.go:237.63,238.54 1 111
github.com/calvarado2004/bakery-go/frontend/cmd/web/auth_handlers.go:238.54,240.39 2 5
github.com/calvarado2004/bakery-go/frontend/cmd/web/auth_handlers.go:240.39,244.4 3 2
github.com/calvarado2004/bakery-go/frontend/cmd/web/auth_handlers.go:246.3,246.44 1 3
github.com/calvarado2004/bakery-go/frontend/cmd/web/auth_handlers.go:246.44,250.4 3 2
github.com/calvarado2004/bakery-go/frontend/cmd/web/auth_handlers.go:252.3,252.23 1 1
github.com/calvarado2004/bakery-go/frontend/cmd/web/auth_handlers.go:256.66,257.54 1 39
github.com/calvarado2004/bakery-go/frontend/cmd/web/auth_handlers.go:257.54,259.39 2 4
github.com/calvarado2004/bakery-go/frontend/cmd/web/auth_handlers.go:259.39,263.4 3 2
github.com/calvarado2004/bakery-go/frontend/cmd/web/auth_handlers.go:265.3,265.47 1 2
github.com/calvarado2004/bakery-go/frontend/cmd/web/auth_handlers.go:265.47,269.4 3 1
github.com/calvarado2004/bakery-go/frontend/cmd/web/auth_handlers.go:271.3,271.23 1 1
github.com/calvarado2004/bakery-go/frontend/cmd/web/auth_handlers.go:275.66,278.101 2 14
github.com/calvarado2004/bakery-go/frontend/cmd/web/auth_handlers.go:278.101,280.3 1 9
github.com/calvarado2004/bakery-go/frontend/cmd/web/auth_handlers.go:282.2,282.32 1 14
github.com/calvarado2004/bakery-go/frontend/cmd/web/auth_handlers.go:282.32,284.3 1 6
github.com/calvarado2004/bakery-go/frontend/cmd/web/auth_handlers.go:286.2,286.59 1 8
github.com/calvarado2004/bakery-go/frontend/cmd/web/auth_handlers.go:286.59,288.3 1 1
github.com/calvarado2004/bakery-go/frontend/cmd/web/auth_handlers.go:290.2,290.13 1 7
github.com/calvarado2004/bakery-go/frontend/cmd/web/auth_handlers.go:293.50,295.16 2 15
github.com/calvarado2004/bakery-go/frontend/cmd/web/auth_handlers.go:295.16,297.3 1 8
github.com/calvarado2004/bakery-go/frontend/cmd/web/auth_handlers.go:299.2,300.102 2 7
github.com/calvarado2004/bakery-go/frontend/cmd/web/auth_handlers.go:300.102,302.3 1 4
github.com/calvarado2004/bakery-go/frontend/cmd/web/auth_handlers.go:304.2,304.32 1 7
github.com/calvarado2004/bakery-go/frontend/cmd/web/auth_handlers.go:304.32,306.3 1 3
github.com/calvarado2004/bakery-go/frontend/cmd/web/auth_handlers.go:308.2,308.22 1 4
github.com/calvarado2004/bakery-go/frontend/cmd/web/auth_handlers.go:311.67,313.16 2 7
github.com/calvarado2004/bakery-go/frontend/cmd/web/auth_handlers.go:313.16,315.3 1 3
github.com/calvarado2004/bakery-go/frontend/cmd/web/auth_handlers.go:317.2,318.102 2 4
github.com/calvarado2004/bakery-go/frontend/cmd/web/auth_handlers.go:318.102,320.3 1 3
github.com/calvarado2004/bakery-go/frontend/cmd/web/auth_handlers.go:322.2,322.32 1 4
github.com/calvarado2004/bakery-go/frontend/cmd/web/auth_handlers.go:322.32,324.3 1 1
github.com/calvarado2004/bakery-go/frontend/cmd/web/auth_handlers.go:326.2,326.52 1 3
github.com/calvarado2004/bakery-go/frontend/cmd/web/auth_handlers.go:333.59,338.35 4 5
github.com/calvarado2004/bakery-go/frontend/cmd/web/auth_handlers.go:338.35,340.3 1 2
github.com/calvarado2004/bakery-go/frontend/cmd/web/auth_handlers.go:342.2,343.15 2 3
github.com/calvarado2004/bakery-go/frontend/cmd/web/auth_handlers.go:343.15,345.3 1 3
github.com/calvarado2004/bakery-go/frontend/cmd/web/auth_handlers.go:346.2,346.20 1 3
github.com/calvarado2004/bakery-go/frontend/cmd/web/auth_handlers.go:346.20,347.16 1 1
github.com/calvarado2004/bakery-go/frontend/cmd/web/auth_handlers.go:347.16,349.4 1 0
github.com/calvarado2004/bakery-go/frontend/cmd/web/auth_handlers.go:349.9,351.4 1 1
github.com/calvarado2004/bakery-go/frontend/cmd/web/auth_handlers.go:353.2,353.53 1 3
github.com/calvarado2004/bakery-go/frontend/cmd/web/auth_handlers.go:358.122,362.2 3 1
github.com/calvarado2004/bakery-go/frontend/cmd/web/auth_handlers.go:387.77,389.21 2 1
github.com/calvarado2004/bakery-go/frontend/cmd/web/auth_handlers.go:389.21,392.3 2 1
github.com/calvarado2004/bakery-go/frontend/cmd/web/auth_handlers.go:394.2,400.16 6 0
github.com/calvarado2004/bakery-go/frontend/cmd/web/auth_handlers.go:400.16,402.3 1 0
github.com/calvarado2004/bakery-go/frontend/cmd/web/auth_handlers.go:404.2,405.16 2 0
github.com/calvarado2004/bakery-go/frontend/cmd/web/auth_handlers.go:405.16,407.3 1 0
github.com/calvarado2004/bakery-go/frontend/cmd/web/auth_handlers.go:409.2,414.23 2 0
github.com/calvarado2004/bakery-go/frontend/cmd/web/auth_handlers.go:414.23,418.33 4 0
github.com/calvarado2004/bakery-go/frontend/cmd/web/auth_handlers.go:418.33,421.4 2 0
github.com/calvarado2004/bakery-go/frontend/cmd/web/auth_handlers.go:422.3,423.43 2 0
github.com/calvarado2004/bakery-go/frontend/cmd/web/auth_handlers.go:423.43,425.4 1 0
github.com/calvarado2004/bakery-go/frontend/cmd/web/auth_handlers.go:426.3,427.33 2 0
github.com/calvarado2004/bakery-go/frontend/cmd/web/auth_handlers.go:427.33,429.4 1 0
github.com/calvarado2004/bakery-go/frontend/cmd/web/auth_handlers.go:429.9,431.4 1 0
github.com/calvarado2004/bakery-go/frontend/cmd/web/auth_handlers.go:434.2,434.25 1 0
github.com/calvarado2004/bakery-go/frontend/cmd/web/auth_handlers.go:434.25,437.37 3 0
github.com/calvarado2004/bakery-go/frontend/cmd/web/auth_handlers.go:437.37,439.4 1 0
github.com/calvarado2004/bakery-go/frontend/cmd/web/auth_handlers.go:439.9,441.4 1 0
github.com/calvarado2004/bakery-go/frontend/cmd/web/auth_handlers.go:444.2,445.9 2 0
github.com/calvarado2004/bakery-go/frontend/cmd/web/auth_handlers.go:445.9,448.3 2 0
github.com/calvarado2004/bakery-go/frontend/cmd/web/auth_handlers.go:449.2,450.16 2 0
github.com/calvarado2004/bakery-go/frontend/cmd/web/auth_handlers.go:450.16,452.3 1 0
github.com/calvarado2004/bakery-go/frontend/cmd/web/auth_handlers.go:455.68,457.21 2 1
github.com/calvarado2004/bakery-go/frontend/cmd/web/auth_handlers.go:457.21,460.3 2 1
github.com/calvarado2004/bakery-go/frontend/cmd/web/auth_handlers.go:462.2,468.16 6 0
github.com/calvarado2004/bakery-go/frontend/cmd/web/auth_handlers.go:468.16,472.3 3 0
github.com/calvarado2004/bakery-go/frontend/cmd/web/auth_handlers.go:474.2,480.32 2 0
github.com/calvarado2004/bakery-go/frontend/cmd/web/auth_handlers.go:480.32,482.3 1 0
github.com/calvarado2004/bakery-go/frontend/cmd/web/auth_handlers.go:484.2,485.9 2 0
github.com/calvarado2004/bakery-go/frontend/cmd/web/auth_handlers.go:485.9,488.3 2 0
github.com/calvarado2004/bakery-go/frontend/cmd/web/auth_handlers.go:489.2,490.16 2 0
github.com/calvarado2004/bakery-go/frontend/cmd/web/auth_handlers.go:490.16,492.3 1 0
github.com/calvarado2004/bakery-go/frontend/cmd/web/auth_handlers.go:495.73,497.21 2 2
github.com/calvarado2004/bakery-go/frontend/cmd/web/auth_handlers.go:497.21,500.3 2 1
github.com/calvarado2004/bakery-go/frontend/cmd/web/auth_handlers.go:502.2,504.16 3 1
github.com/calvarado2004/bakery-go/frontend/cmd/web/auth_handlers.go:504.16,507.3 2 1
github.com/calvarado2004/bakery-go/frontend/cmd/web/auth_handlers.go:509.2,515.16 6 0
github.com/calvarado2004/bakery-go/frontend/cmd/web/auth_handlers.go:515.16,519.3 3 0
github.com/calvarado2004/bakery-go/frontend/cmd/web/auth_handlers.go:521.2,521.53 1 0
github.com/calvarado2004/bakery-go/frontend/cmd/web/auth_handlers.go:521.53,524.3 2 0
github.com/calvarado2004/bakery-go/frontend/cmd/web/auth_handlers.go:526.2,528.53 3 0
github.com/calvarado2004/bakery-go/frontend/cmd/web/auth_handlers.go:528.53,530.3 1 0
github.com/calvarado2004/bakery-go/frontend/cmd/web/auth_handlers.go:532.2,542.9 3 0
github.com/calvarado2004/bakery-go/frontend/cmd/web/auth_handlers.go:542.9,545.3 2 0
github.com/calvarado2004/bakery-go/frontend/cmd/web/auth_handlers.go:546.2,547.16 2 0
github.com/calvarado2004/bakery-go/frontend/cmd/web/auth_handlers.go:547.16,549.3 1 0
github.com/calvarado2004/bakery-go/frontend/cmd/web/auth_handlers.go:552.70,554.21 2 1
github.com/calvarado2004/bakery-go/frontend/cmd/web/auth_handlers.go:554.21,557.3 2 1
github.com/calvarado2004/bakery-go/frontend/cmd/web/auth_handlers.go:559.2,565.16 6 0
github.com/calvarado2004/bakery-go/frontend/cmd/web/auth_handlers.go:565.16,569.3 3 0
github.com/calvarado2004/bakery-go/frontend/cmd/web/auth_handlers.go:571.2,573.53 3 0
github.com/calvarado2004/bakery-go/frontend/cmd/web/auth_handlers.go:573.53,575.3 1 0
github.com/calvarado2004/bakery-go/frontend/cmd/web/auth_handlers.go:577.2,585.9 3 0
github.com/calvarado2004/bakery-go/frontend/cmd/web/auth_handlers.go:585.9,588.3 2 0
github.com/calvarado2004/bakery-go/frontend/cmd/web/auth_handlers.go:589.2,590.16 2 0
github.com/calvarado2004/bakery-go/frontend/cmd/web/auth_handlers.go:590.16,592.3 1 0
github.com/calvarado2004/bakery-go/frontend/cmd/web/auth_handlers.go:595.75,597.21 2 2
github.com/calvarado2004/bakery-go/frontend/cmd/web/auth_handlers.go:597.21,600.3 2 1
github.com/calvarado2004/bakery-go/frontend/cmd/web/auth_handlers.go:602.2,604.16 3 1
github.com/calvarado2004/bakery-go/frontend/cmd/web/auth_handlers.go:604.16,607.3 2 1
github.com/calvarado2004/bakery-go/frontend/cmd/web/auth_handlers.go:609.2,615.16 6 0
github.com/calvarado2004/bakery-go/frontend/cmd/web/auth_handlers.go:615.16,619.3 3 0
github.com/calvarado2004/bakery-go/frontend/cmd/web/auth_handlers.go:621.2,621.45 1 0
github.com/calvarado2004/bakery-go/frontend/cmd/web/auth_handlers.go:621.45,624.3 2 0
github.com/calvarado2004/bakery-go/frontend/cmd/web/auth_handlers.go:626.2,631.53 6 0
github.com/calvarado2004/bakery-go/frontend/cmd/web/auth_handlers.go:631.53,633.3 1 0
github.com/calvarado2004/bakery-go/frontend/cmd/web/auth_handlers.go:635.2,643.9 3 0
github.com/calvarado2004/bakery-go/frontend/cmd/web/auth_handlers.go:643.9,646.3 2 0
github.com/calvarado2004/bakery-go/frontend/cmd/web/auth_handlers.go:647.2,648.16 2 0
github.com/calvarado2004/bakery-go/frontend/cmd/web/auth_handlers.go:648.16,650.3 1 0
github.com/calvarado2004/bakery-go/frontend/cmd/web/handlers.go:49.103,54.2 1 0
github.com/calvarado2004/bakery-go/frontend/cmd/web/handlers.go:56.76,58.16 2 0
github.com/calvarado2004/bakery-go/frontend/cmd/web/handlers.go:58.16,60.3 1 0
github.com/calvarado2004/bakery-go/frontend/cmd/web/handlers.go:61.2,62.53 2 0
github.com/calvarado2004/bakery-go/frontend/cmd/web/handlers.go:65.71,67.16 2 0
github.com/calvarado2004/bakery-go/frontend/cmd/web/handlers.go:67.16,69.3 1 0
github.com/calvarado2004/bakery-go/frontend/cmd/web/handlers.go:70.2,71.53 2 0
github.com/calvarado2004/bakery-go/frontend/cmd/web/handlers.go:74.69,76.16 2 0
github.com/calvarado2004/bakery-go/frontend/cmd/web/handlers.go:76.16,78.3 1 0
github.com/calvarado2004/bakery-go/frontend/cmd/web/handlers.go:79.2,80.48 2 0
github.com/calvarado2004/bakery-go/frontend/cmd/web/handlers.go:83.65,85.16 2 0
github.com/calvarado2004/bakery-go/frontend/cmd/web/handlers.go:85.16,87.3 1 0
github.com/calvarado2004/bakery-go/frontend/cmd/web/handlers.go:88.2,89.47 2 0
github.com/calvarado2004/bakery-go/frontend/cmd/web/handlers.go:92.87,94.16 2 0
github.com/calvarado2004/bakery-go/frontend/cmd/web/handlers.go:94.16,96.3 1 0
github.com/calvarado2004/bakery-go/frontend/cmd/web/handlers.go:97.2,98.39 2 0
github.com/calvarado2004/bakery-go/frontend/cmd/web/handlers.go:101.87,103.16 2 0
github.com/calvarado2004/bakery-go/frontend/cmd/web/handlers.go:103.16,105.3 1 0
github.com/calvarado2004/bakery-go/frontend/cmd/web/handlers.go:106.2,107.39 2 0
github.com/calvarado2004/bakery-go/frontend/cmd/web/handlers.go:110.87,112.16 2 0
github.com/calvarado2004/bakery-go/frontend/cmd/web/handlers.go:112.16,114.3 1 0
github.com/calvarado2004/bakery-go/frontend/cmd/web/handlers.go:115.2,116.39 2 0
github.com/calvarado2004/bakery-go/frontend/cmd/web/handlers.go:119.70,121.16 2 0
github.com/calvarado2004/bakery-go/frontend/cmd/web/handlers.go:121.16,123.3 1 0
github.com/calvarado2004/bakery-go/frontend/cmd/web/handlers.go:124.2,126.16 3 0
github.com/calvarado2004/bakery-go/frontend/cmd/web/handlers.go:126.16,128.3 1 0
github.com/calvarado2004/bakery-go/frontend/cmd/web/handlers.go:129.2,129.18 1 0
github.com/calvarado2004/bakery-go/frontend/cmd/web/handlers.go:132.72,134.16 2 0
github.com/calvarado2004/bakery-go/frontend/cmd/web/handlers.go:134.16,136.3 1 0
github.com/calvarado2004/bakery-go/frontend/cmd/web/handlers.go:137.2,138.51 2 0
github.com/calvarado2004/bakery-go/frontend/cmd/web/handlers.go:141.92,143.16 2 0
github.com/calvarado2004/bakery-go/frontend/cmd/web/handlers.go:143.16,145.3 1 0
github.com/calvarado2004/bakery-go/frontend/cmd/web/handlers.go:146.2,147.71 2 0
github.com/calvarado2004/bakery-go/frontend/cmd/web/handlers.go:150.76,152.16 2 0
github.com/calvarado2004/bakery-go/frontend/cmd/web/handlers.go:152.16,154.3 1 0
github.com/calvarado2004/bakery-go/frontend/cmd/web/handlers.go:155.2,156.53 2 0
github.com/calvarado2004/bakery-go/frontend/cmd/web/handlers.go:159.86,161.16 2 0
github.com/calvarado2004/bakery-go/frontend/cmd/web/handlers.go:161.16,163.3 1 0
github.com/calvarado2004/bakery-go/frontend/cmd/web/handlers.go:164.2,165.70 2 0
github.com/calvarado2004/bakery-go/frontend/cmd/web/handlers.go:168.89,170.16 2 0
github.com/calvarado2004/bakery-go/frontend/cmd/web/handlers.go:170.16,172.3 1 0
github.com/calvarado2004/bakery-go/frontend/cmd/web/handlers.go:173.2,177.4 2 0
github.com/calvarado2004/bakery-go/frontend/cmd/web/handlers.go:196.109,201.2 1 0
github.com/calvarado2004/bakery-go/frontend/cmd/web/handlers.go:203.97,205.16 2 0
github.com/calvarado2004/bakery-go/frontend/cmd/web/handlers.go:205.16,207.3 1 0
github.com/calvarado2004/bakery-go/frontend/cmd/web/handlers.go:208.2,209.73 2 0
github.com/calvarado2004/bakery-go/frontend/cmd/web/handlers.go:212.88,214.16 2 0
github.com/calvarado2004/bakery-go/frontend/cmd/web/handlers.go:214.16,216.3 1 0
github.com/calvarado2004/bakery-go/frontend/cmd/web/handlers.go:217.2,218.75 2 0
github.com/calvarado2004/bakery-go/frontend/cmd/web/handlers.go:221.99,223.16 2 0
github.com/calvarado2004/bakery-go/frontend/cmd/web/handlers.go:223.16,225.3 1 0
github.com/calvarado2004/bakery-go/frontend/cmd/web/handlers.go:226.2,227.74 2 0
github.com/calvarado2004/bakery-go/frontend/cmd/web/handlers.go:242.92,244.9 2 1
github.com/calvarado2004/bakery-go/frontend/cmd/web/handlers.go:244.9,246.3 1 1
github.com/calvarado2004/bakery-go/frontend/cmd/web/handlers.go:247.2,248.65 2 0
github.com/calvarado2004/bakery-go/frontend/cmd/web/handlers.go:248.65,250.3 1 0
github.com/calvarado2004/bakery-go/frontend/cmd/web/handlers.go:251.2,251.34 1 0
github.com/calvarado2004/bakery-go/frontend/cmd/web/handlers.go:272.46,280.2 1 1
github.com/calvarado2004/bakery-go/frontend/cmd/web/handlers.go:286.81,286.106 1 1
github.com/calvarado2004/bakery-go/frontend/cmd/web/handlers.go:287.80,287.105 1 0
github.com/calvarado2004/bakery-go/frontend/cmd/web/handlers.go:288.80,288.105 1 0
github.com/calvarado2004/bakery-go/frontend/cmd/web/handlers.go:289.80,289.105 1 0
github.com/calvarado2004/bakery-go/frontend/cmd/web/handlers.go:290.83,290.108 1 0
github.com/calvarado2004/bakery-go/frontend/cmd/web/handlers.go:291.83,291.108 1 0
github.com/calvarado2004/bakery-go/frontend/cmd/web/handlers.go:292.83,292.108 1 0
github.com/calvarado2004/bakery-go/frontend/cmd/web/handlers.go:293.80,293.105 1 0
github.com/calvarado2004/bakery-go/frontend/cmd/web/handlers.go:294.80,294.105 1 0
github.com/calvarado2004/bakery-go/frontend/cmd/web/handlers.go:295.89,295.114 1 0
github.com/calvarado2004/bakery-go/frontend/cmd/web/handlers.go:296.80,296.105 1 0
github.com/calvarado2004/bakery-go/frontend/cmd/web/handlers.go:297.83,297.108 1 0
github.com/calvarado2004/bakery-go/frontend/cmd/web/handlers.go:298.84,298.109 1 0
github.com/calvarado2004/bakery-go/frontend/cmd/web/handlers.go:303.86,303.111 1 1
github.com/calvarado2004/bakery-go/frontend/cmd/web/handlers.go:304.85,304.110 1 0
github.com/calvarado2004/bakery-go/frontend/cmd/web/handlers.go:305.91,305.116 1 0
github.com/calvarado2004/bakery-go/frontend/cmd/web/handlers.go:320.116,326.9 5 4
github.com/calvarado2004/bakery-go/frontend/cmd/web/handlers.go:326.9,329.3 2 0
github.com/calvarado2004/bakery-go/frontend/cmd/web/handlers.go:331.2,331.6 1 4
github.com/calvarado2004/bakery-go/frontend/cmd/web/handlers.go:331.6,332.10 1 6
github.com/calvarado2004/bakery-go/frontend/cmd/web/handlers.go:333.21,334.10 1 1
github.com/calvarado2004/bakery-go/frontend/cmd/web/handlers.go:335.11,337.18 2 5
github.com/calvarado2004/bakery-go/frontend/cmd/web/handlers.go:337.18,338.13 1 0
github.com/calvarado2004/bakery-go/frontend/cmd/web/handlers.go:340.4,340.19 1 5
github.com/calvarado2004/bakery-go/frontend/cmd/web/handlers.go:340.19,342.5 1 3
github.com/calvarado2004/bakery-go/frontend/cmd/web/handlers.go:344.4,345.19 2 2
github.com/calvarado2004/bakery-go/frontend/cmd/web/handlers.go:345.19,346.13 1 0
github.com/calvarado2004/bakery-go/frontend/cmd/web/handlers.go:349.4,352.29 3 2
github.com/calvarado2004/bakery-go/frontend/cmd/web/main.go:39.50,41.2 1 17
github.com/calvarado2004/bakery-go/frontend/cmd/web/main.go:44.47,46.2 1 4
github.com/calvarado2004/bakery-go/frontend/cmd/web/main.go:82.33,83.58 1 1
github.com/calvarado2004/bakery-go/frontend/cmd/web/main.go:83.58,85.3 1 0
github.com/calvarado2004/bakery-go/frontend/cmd/web/main.go:86.2,86.26 1 1
github.com/calvarado2004/bakery-go/frontend/cmd/web/main.go:91.50,93.49 1 26
github.com/calvarado2004/bakery-go/frontend/cmd/web/main.go:93.49,95.3 1 0
github.com/calvarado2004/bakery-go/frontend/cmd/web/main.go:98.2,99.50 2 26
github.com/calvarado2004/bakery-go/frontend/cmd/web/main.go:99.50,101.3 1 26
github.com/calvarado2004/bakery-go/frontend/cmd/web/main.go:102.2,102.48 1 26
github.com/calvarado2004/bakery-go/frontend/cmd/web/main.go:102.48,104.3 1 26
github.com/calvarado2004/bakery-go/frontend/cmd/web/main.go:106.2,107.49 2 0
github.com/calvarado2004/bakery-go/frontend/cmd/web/main.go:110.13,125.19 7 0
github.com/calvarado2004/bakery-go/frontend/cmd/web/main.go:125.19,127.3 1 0
github.com/calvarado2004/bakery-go/frontend/cmd/web/main.go:128.2,192.49 45 0
github.com/calvarado2004/bakery-go/frontend/cmd/web/main.go:195.58,196.27 1 1
github.com/calvarado2004/bakery-go/frontend/cmd/web/main.go:196.27,199.10 2 1
github.com/calvarado2004/bakery-go/frontend/cmd/web/main.go:199.10,202.4 2 0
github.com/calvarado2004/bakery-go/frontend/cmd/web/main.go:203.3,203.55 1 1
github.com/calvarado2004/bakery-go/frontend/cmd/web/main.go:203.55,205.4 1 0
github.com/calvarado2004/bakery-go/frontend/cmd/web/main.go:206.3,206.9 1 1
github.com/calvarado2004/bakery-go/frontend/cmd/web/main.go:210.2,215.53 3 0
github.com/calvarado2004/bakery-go/frontend/cmd/web/main.go:215.53,217.3 1 0
github.com/calvarado2004/bakery-go/frontend/cmd/web/main.go:219.2,220.16 2 0
github.com/calvarado2004/bakery-go/frontend/cmd/web/main.go:220.16,224.3 3 0
github.com/calvarado2004/bakery-go/frontend/cmd/web/main.go:226.2,229.52 3 0
github.com/calvarado2004/bakery-go/frontend/cmd/web/main.go:229.52,231.3 1 0
github.com/calvarado2004/bakery-go/frontend/cmd/web/main.go:233.2,234.35 2 0
github.com/calvarado2004/bakery-go/frontend/cmd/web/main.go:234.35,238.3 1 0
github.com/calvarado2004/bakery-go/frontend/cmd/web/main.go:241.2,242.9 2 0
github.com/calvarado2004/bakery-go/frontend/cmd/web/main.go:242.9,245.3 2 0
github.com/calvarado2004/bakery-go/frontend/cmd/web/main.go:246.2,247.16 2 0
github.com/calvarado2004/bakery-go/frontend/cmd/web/main.go:247.16,249.3 1 0
github.com/calvarado2004/bakery-go/frontend/cmd/web/main.go:254.62,255.54 1 76
github.com/calvarado2004/bakery-go/frontend/cmd/web/main.go:255.54,257.10 2 46
github.com/calvarado2004/bakery-go/frontend/cmd/web/main.go:257.10,260.4 2 2
github.com/calvarado2004/bakery-go/frontend/cmd/web/main.go:261.3,262.17 2 44
github.com/calvarado2004/bakery-go/frontend/cmd/web/main.go:262.17,264.4 1 0
github.com/calvarado2004/bakery-go/frontend/cmd/web/main.go:270.66,276.16 3 1
github.com/calvarado2004/bakery-go/frontend/cmd/web/main.go:276.16,280.3 3 1
github.com/calvarado2004/bakery-go/frontend/cmd/web/main.go:281.2,284.16 3 0
github.com/calvarado2004/bakery-go/frontend/cmd/web/main.go:284.16,288.3 3 0
github.com/calvarado2004/bakery-go/frontend/cmd/web/main.go:290.2,297.9 3 0
github.com/calvarado2004/bakery-go/frontend/cmd/web/main.go:297.9,300.3 2 0
github.com/calvarado2004/bakery-go/frontend/cmd/web/main.go:302.2,303.16 2 0
github.com/calvarado2004/bakery-go/frontend/cmd/web/main.go:303.16,305.3 1 0
github.com/calvarado2004/bakery-go/frontend/cmd/web/main.go:308.60,313.27 4 2
github.com/calvarado2004/bakery-go/frontend/cmd/web/main.go:313.27,316.3 2 2
github.com/calvarado2004/bakery-go/frontend/cmd/web/main.go:319.2,323.53 3 0
github.com/calvarado2004/bakery-go/frontend/cmd/web/main.go:323.53,325.3 1 0
github.com/calvarado2004/bakery-go/frontend/cmd/web/main.go:328.2,329.16 2 0
github.com/calvarado2004/bakery-go/frontend/cmd/web/main.go:329.16,333.3 3 0
github.com/calvarado2004/bakery-go/frontend/cmd/web/main.go:335.2,335.6 1 0
github.com/calvarado2004/bakery-go/frontend/cmd/web/main.go:335.6,337.20 2 0
github.com/calvarado2004/bakery-go/frontend/cmd/web/main.go:337.20,338.9 1 0
github.com/calvarado2004/bakery-go/frontend/cmd/web/main.go:340.3,340.17 1 0
github.com/calvarado2004/bakery-go/frontend/cmd/web/main.go:340.17,341.88 1 0
github.com/calvarado2004/bakery-go/frontend/cmd/web/main.go:341.88,343.10 2 0
github.com/calvarado2004/bakery-go/frontend/cmd/web/main.go:345.4,346.9 2 0
github.com/calvarado2004/bakery-go/frontend/cmd/web/main.go:349.3,350.54 2 0
github.com/calvarado2004/bakery-go/frontend/cmd/web/main.go:350.54,362.18 4 0
github.com/calvarado2004/bakery-go/frontend/cmd/web/main.go:362.18,364.13 2 0
github.com/calvarado2004/bakery-go/frontend/cmd/web/main.go:366.4,367.18 2 0
github.com/calvarado2004/bakery-go/frontend/cmd/web/main.go:367.18,368.114 1 0
github.com/calvarado2004/bakery-go/frontend/cmd/web/main.go:368.114,371.6 2 0
github.com/calvarado2004/bakery-go/frontend/cmd/web/main.go:372.5,373.11 2 0
github.com/calvarado2004/bakery-go/frontend/cmd/web/main.go:376.4,376.37 1 0
github.com/calvarado2004/bakery-go/frontend/cmd/web/main.go:376.37,378.5 1 0
github.com/calvarado2004/bakery-go/frontend/cmd/web/main.go:378.10,380.5 1 0
github.com/calvarado2004/bakery-go/frontend/cmd/web/main.go:385.65,390.27 4 2
github.com/calvarado2004/bakery-go/frontend/cmd/web/main.go:390.27,393.3 2 2
github.com/calvarado2004/bakery-go/frontend/cmd/web/main.go:396.2,400.63 3 0
github.com/calvarado2004/bakery-go/frontend/cmd/web/main.go:400.63,402.3 1 0
github.com/calvarado2004/bakery-go/frontend/cmd/web/main.go:405.2,406.16 2 0
github.com/calvarado2004/bakery-go/frontend/cmd/web/main.go:406.16,409.3 2 0
github.com/calvarado2004/bakery-go/frontend/cmd/web/main.go:412.2,412.6 1 0
github.com/calvarado2004/bakery-go/frontend/cmd/web/main.go:412.6,414.20 2 0
github.com/calvarado2004/bakery-go/frontend/cmd/web/main.go:414.20,416.9 1 0
github.com/calvarado2004/bakery-go/frontend/cmd/web/main.go:418.3,418.17 1 0
github.com/calvarado2004/bakery-go/frontend/cmd/web/main.go:418.17,419.88 1 0
github.com/calvarado2004/bakery-go/frontend/cmd/web/main.go:419.88,422.5 2 0
github.com/calvarado2004/bakery-go/frontend/cmd/web/main.go:423.4,425.10 3 0
github.com/calvarado2004/bakery-go/frontend/cmd/web/main.go:429.3,430.17 2 0
github.com/calvarado2004/bakery-go/frontend/cmd/web/main.go:430.17,433.4 2 0
github.com/calvarado2004/bakery-go/frontend/cmd/web/main.go:436.3,437.17 2 0
github.com/calvarado2004/bakery-go/frontend/cmd/web/main.go:437.17,438.113 1 0
github.com/calvarado2004/bakery-go/frontend/cmd/web/main.go:438.113,441.5 2 0
github.com/calvarado2004/bakery-go/frontend/cmd/web/main.go:442.4,442.10 1 0
github.com/calvarado2004/bakery-go/frontend/cmd/web/main.go:446.3,447.10 2 0
github.com/calvarado2004/bakery-go/frontend/cmd/web/main.go:447.10,450.4 2 0
github.com/calvarado2004/bakery-go/frontend/cmd/web/main.go:451.3,451.18 1 0
github.com/calvarado2004/bakery-go/frontend/cmd/web/main.go:460.22,478.42 4 1
github.com/calvarado2004/bakery-go/frontend/cmd/web/main.go:478.42,481.17 3 8
github.com/calvarado2004/bakery-go/frontend/cmd/web/main.go:481.17,483.4 1 0
github.com/calvarado2004/bakery-go/frontend/cmd/web/main.go:484.3,484.31 1 8
github.com/calvarado2004/bakery-go/frontend/cmd/web/main.go:488.2,490.16 3 1
github.com/calvarado2004/bakery-go/frontend/cmd/web/main.go:490.16,492.3 1 0
github.com/calvarado2004/bakery-go/frontend/cmd/web/main.go:493.2,500.16 5 1
github.com/calvarado2004/bakery-go/frontend/cmd/web/main.go:500.16,502.3 1 0
github.com/calvarado2004/bakery-go/frontend/cmd/web/main.go:503.2,514.43 4 1
github.com/calvarado2004/bakery-go/frontend/cmd/web/main.go:514.43,517.17 3 4
github.com/calvarado2004/bakery-go/frontend/cmd/web/main.go:517.17,519.4 1 0
github.com/calvarado2004/bakery-go/frontend/cmd/web/main.go:520.3,520.32 1 4
github.com/calvarado2004/bakery-go/frontend/cmd/web/main.go:524.2,526.16 3 1
github.com/calvarado2004/bakery-go/frontend/cmd/web/main.go:526.16,528.3 1 0
github.com/calvarado2004/bakery-go/frontend/cmd/web/main.go:529.2,535.16 5 1
github.com/calvarado2004/bakery-go/frontend/cmd/web/main.go:535.16,537.3 1 0
github.com/calvarado2004/bakery-go/frontend/cmd/web/main.go:538.2,551.41 3 1
github.com/calvarado2004/bakery-go/frontend/cmd/web/main.go:551.41,553.17 2 8
github.com/calvarado2004/bakery-go/frontend/cmd/web/main.go:553.17,555.4 1 0
github.com/calvarado2004/bakery-go/frontend/cmd/web/main.go:556.3,556.24 1 8
github.com/calvarado2004/bakery-go/frontend/cmd/web/main.go:559.2,559.66 1 1
github.com/calvarado2004/bakery-go/frontend/cmd/web/main.go:565.33,566.27 1 0
github.com/calvarado2004/bakery-go/frontend/cmd/web/main.go:566.27,568.51 2 0
github.com/calvarado2004/bakery-go/frontend/cmd/web/main.go:568.51,569.51 1 0
github.com/calvarado2004/bakery-go/frontend/cmd/web/main.go:569.51,571.5 1 0
github.com/calvarado2004/bakery-go/frontend/cmd/web/main.go:574.3,587.17 6 0
github.com/calvarado2004/bakery-go/frontend/cmd/web/main.go:587.17,589.4 1 0
github.com/calvarado2004/bakery-go/frontend/cmd/web/main.go:590.3,590.70 1 0
