mode: set
github.com/calvarado2004/bakery-go/broker/helpers.go:13.72,14.39 1 1
github.com/calvarado2004/bakery-go/broker/helpers.go:14.39,16.35 2 1
github.com/calvarado2004/bakery-go/broker/helpers.go:16.35,17.34 1 1
github.com/calvarado2004/bakery-go/broker/helpers.go:17.34,19.42 2 1
github.com/calvarado2004/bakery-go/broker/helpers.go:19.42,21.6 1 1
github.com/calvarado2004/bakery-go/broker/helpers.go:22.5,22.10 1 1
github.com/calvarado2004/bakery-go/broker/helpers.go:25.3,25.13 1 1
github.com/calvarado2004/bakery-go/broker/helpers.go:25.13,27.4 1 1
github.com/calvarado2004/bakery-go/broker/helpers.go:29.2,29.13 1 1
github.com/calvarado2004/bakery-go/broker/main.go:29.64,31.2 1 0
github.com/calvarado2004/bakery-go/broker/main.go:43.59,50.2 1 1
github.com/calvarado2004/bakery-go/broker/main.go:60.86,69.85 3 0
github.com/calvarado2004/bakery-go/broker/main.go:69.85,71.17 2 0
github.com/calvarado2004/bakery-go/broker/main.go:71.17,73.4 1 0
github.com/calvarado2004/bakery-go/broker/main.go:74.3,75.13 2 0
github.com/calvarado2004/bakery-go/broker/main.go:77.2,77.20 1 0
github.com/calvarado2004/bakery-go/broker/main.go:80.110,89.85 3 0
github.com/calvarado2004/bakery-go/broker/main.go:89.85,91.17 2 0
github.com/calvarado2004/bakery-go/broker/main.go:91.17,93.4 1 0
github.com/calvarado2004/bakery-go/broker/main.go:94.3,95.13 2 0
github.com/calvarado2004/bakery-go/broker/main.go:97.2,97.20 1 0
github.com/calvarado2004/bakery-go/broker/main.go:100.100,109.85 3 0
github.com/calvarado2004/bakery-go/broker/main.go:109.85,111.17 2 0
github.com/calvarado2004/bakery-go/broker/main.go:111.17,113.4 1 0
github.com/calvarado2004/bakery-go/broker/main.go:114.3,115.13 2 0
github.com/calvarado2004/bakery-go/broker/main.go:117.2,117.20 1 0
github.com/calvarado2004/bakery-go/broker/main.go:121.73,127.2 1 0
github.com/calvarado2004/bakery-go/broker/main.go:153.129,154.19 1 1
github.com/calvarado2004/bakery-go/broker/main.go:154.19,156.3 1 1
github.com/calvarado2004/bakery-go/broker/main.go:157.2,166.3 2 1
github.com/calvarado2004/bakery-go/broker/main.go:171.72,173.42 1 0
github.com/calvarado2004/bakery-go/broker/main.go:173.42,175.3 1 0
github.com/calvarado2004/bakery-go/broker/main.go:178.2,183.79 3 0
github.com/calvarado2004/bakery-go/broker/main.go:187.32,188.26 1 0
github.com/calvarado2004/bakery-go/broker/main.go:188.26,190.3 1 0
github.com/calvarado2004/bakery-go/broker/main.go:191.2,191.17 1 0
github.com/calvarado2004/bakery-go/broker/main.go:195.63,199.6 3 0
github.com/calvarado2004/bakery-go/broker/main.go:199.6,200.10 1 0
github.com/calvarado2004/bakery-go/broker/main.go:201.21,202.10 1 0
github.com/calvarado2004/bakery-go/broker/main.go:203.19,204.10 1 0
github.com/calvarado2004/bakery-go/broker/main.go:205.19,206.58 1 0
github.com/calvarado2004/bakery-go/broker/main.go:206.58,207.61 1 0
github.com/calvarado2004/bakery-go/broker/main.go:207.61,211.6 1 0
github.com/calvarado2004/bakery-go/broker/main.go:218.47,220.16 2 0
github.com/calvarado2004/bakery-go/broker/main.go:220.16,222.3 1 0
github.com/calvarado2004/bakery-go/broker/main.go:223.2,226.16 3 0
github.com/calvarado2004/bakery-go/broker/main.go:226.16,228.3 1 0
github.com/calvarado2004/bakery-go/broker/main.go:229.2,234.16 2 0
github.com/calvarado2004/bakery-go/broker/main.go:234.16,236.3 1 0
github.com/calvarado2004/bakery-go/broker/main.go:239.2,241.16 1 0
github.com/calvarado2004/bakery-go/broker/main.go:241.16,243.3 1 0
github.com/calvarado2004/bakery-go/broker/main.go:245.2,246.12 2 0
github.com/calvarado2004/bakery-go/broker/main.go:250.66,253.16 2 0
github.com/calvarado2004/bakery-go/broker/main.go:253.16,256.3 2 0
github.com/calvarado2004/bakery-go/broker/main.go:258.2,259.16 2 0
github.com/calvarado2004/bakery-go/broker/main.go:259.16,263.3 3 0
github.com/calvarado2004/bakery-go/broker/main.go:266.2,269.28 2 0
github.com/calvarado2004/bakery-go/broker/main.go:273.105,277.6 3 0
github.com/calvarado2004/bakery-go/broker/main.go:277.6,278.10 1 0
github.com/calvarado2004/bakery-go/broker/main.go:279.21,281.10 2 0
github.com/calvarado2004/bakery-go/broker/main.go:282.19,284.10 2 0
github.com/calvarado2004/bakery-go/broker/main.go:285.19,287.22 2 0
github.com/calvarado2004/bakery-go/broker/main.go:287.22,290.5 2 0
github.com/calvarado2004/bakery-go/broker/main.go:291.11,292.40 1 0
github.com/calvarado2004/bakery-go/broker/main.go:292.40,296.5 3 0
github.com/calvarado2004/bakery-go/broker/main.go:297.4,297.37 1 0
github.com/calvarado2004/bakery-go/broker/main.go:303.66,304.6 1 0
github.com/calvarado2004/bakery-go/broker/main.go:304.6,305.10 1 0
github.com/calvarado2004/bakery-go/broker/main.go:306.21,307.10 1 0
github.com/calvarado2004/bakery-go/broker/main.go:308.19,309.10 1 0
github.com/calvarado2004/bakery-go/broker/main.go:310.11,310.11 0 0
github.com/calvarado2004/bakery-go/broker/main.go:313.3,313.45 1 0
github.com/calvarado2004/bakery-go/broker/main.go:313.45,315.11 2 0
github.com/calvarado2004/bakery-go/broker/main.go:316.22,317.11 1 0
github.com/calvarado2004/bakery-go/broker/main.go:318.20,319.11 1 0
github.com/calvarado2004/bakery-go/broker/main.go:320.40,321.13 1 0
github.com/calvarado2004/bakery-go/broker/main.go:325.3,326.10 2 0
github.com/calvarado2004/bakery-go/broker/main.go:327.21,328.10 1 0
github.com/calvarado2004/bakery-go/broker/main.go:329.19,330.10 1 0
github.com/calvarado2004/bakery-go/broker/main.go:331.39,331.39 0 0
github.com/calvarado2004/bakery-go/broker/main.go:339.49,341.16 2 0
github.com/calvarado2004/bakery-go/broker/main.go:341.16,344.3 2 0
github.com/calvarado2004/bakery-go/broker/main.go:345.2,348.16 3 0
github.com/calvarado2004/bakery-go/broker/main.go:348.16,351.3 2 0
github.com/calvarado2004/bakery-go/broker/main.go:352.2,355.49 2 0
github.com/calvarado2004/bakery-go/broker/main.go:355.49,357.3 1 0
github.com/calvarado2004/bakery-go/broker/main.go:359.2,368.16 2 0
github.com/calvarado2004/bakery-go/broker/main.go:368.16,370.3 1 0
github.com/calvarado2004/bakery-go/broker/main.go:372.2,374.41 2 0
github.com/calvarado2004/bakery-go/broker/main.go:374.41,376.3 1 0
github.com/calvarado2004/bakery-go/broker/main.go:378.2,378.12 1 0
github.com/calvarado2004/bakery-go/broker/main.go:385.88,387.62 2 1
github.com/calvarado2004/bakery-go/broker/main.go:387.62,391.3 3 1
github.com/calvarado2004/bakery-go/broker/main.go:393.2,399.16 4 1
github.com/calvarado2004/bakery-go/broker/main.go:399.16,403.3 3 0
github.com/calvarado2004/bakery-go/broker/main.go:405.2,405.22 1 1
github.com/calvarado2004/bakery-go/broker/main.go:405.22,410.3 3 1
github.com/calvarado2004/bakery-go/broker/main.go:412.2,412.26 1 1
github.com/calvarado2004/bakery-go/broker/main.go:412.26,414.3 1 1
github.com/calvarado2004/bakery-go/broker/main.go:417.2,420.94 3 1
github.com/calvarado2004/bakery-go/broker/main.go:424.63,426.2 1 0
github.com/calvarado2004/bakery-go/broker/main.go:431.60,433.37 2 1
github.com/calvarado2004/bakery-go/broker/main.go:433.37,440.3 1 1
github.com/calvarado2004/bakery-go/broker/main.go:442.2,452.3 1 1
github.com/calvarado2004/bakery-go/broker/main.go:456.13,467.16 6 0
github.com/calvarado2004/bakery-go/broker/main.go:467.16,469.3 1 0
github.com/calvarado2004/bakery-go/broker/main.go:470.2,481.9 7 0
github.com/calvarado2004/bakery-go/broker/matching.go:29.44,33.2 3 1
github.com/calvarado2004/bakery-go/broker/matching.go:35.47,38.24 3 1
github.com/calvarado2004/bakery-go/broker/matching.go:38.24,40.3 1 1
github.com/calvarado2004/bakery-go/broker/matching.go:41.2,43.12 3 1
github.com/calvarado2004/bakery-go/broker/matching.go:46.33,50.2 3 1
github.com/calvarado2004/bakery-go/broker/matching.go:54.43,55.20 1 0
github.com/calvarado2004/bakery-go/broker/matching.go:55.20,57.3 1 0
github.com/calvarado2004/bakery-go/broker/matching.go:58.2,58.38 1 0
github.com/calvarado2004/bakery-go/broker/matching.go:58.38,59.33 1 0
github.com/calvarado2004/bakery-go/broker/matching.go:59.33,61.4 1 0
github.com/calvarado2004/bakery-go/broker/matching.go:63.2,63.19 1 0
github.com/calvarado2004/bakery-go/broker/matching.go:75.106,76.22 1 1
github.com/calvarado2004/bakery-go/broker/matching.go:76.22,78.3 1 0
github.com/calvarado2004/bakery-go/broker/matching.go:81.2,81.41 1 1
github.com/calvarado2004/bakery-go/broker/matching.go:81.41,84.19 3 0
github.com/calvarado2004/bakery-go/broker/matching.go:84.19,86.4 1 0
github.com/calvarado2004/bakery-go/broker/matching.go:87.3,87.61 1 0
github.com/calvarado2004/bakery-go/broker/matching.go:90.2,95.26 3 1
github.com/calvarado2004/bakery-go/broker/matching.go:95.26,98.20 3 1
github.com/calvarado2004/bakery-go/broker/matching.go:98.20,100.4 1 1
github.com/calvarado2004/bakery-go/broker/matching.go:105.2,105.27 1 1
github.com/calvarado2004/bakery-go/broker/matching.go:105.27,111.17 3 1
github.com/calvarado2004/bakery-go/broker/matching.go:111.17,113.4 1 0
github.com/calvarado2004/bakery-go/broker/matching.go:113.9,115.4 1 1
github.com/calvarado2004/bakery-go/broker/matching.go:122.120,133.37 8 1
github.com/calvarado2004/bakery-go/broker/matching.go:133.37,134.26 1 1
github.com/calvarado2004/bakery-go/broker/matching.go:134.26,140.12 2 0
github.com/calvarado2004/bakery-go/broker/matching.go:144.3,149.40 2 1
github.com/calvarado2004/bakery-go/broker/matching.go:149.40,152.56 3 0
github.com/calvarado2004/bakery-go/broker/matching.go:152.56,154.5 1 0
github.com/calvarado2004/bakery-go/broker/matching.go:154.10,156.5 1 0
github.com/calvarado2004/bakery-go/broker/matching.go:157.4,162.12 2 0
github.com/calvarado2004/bakery-go/broker/matching.go:165.3,173.48 4 1
github.com/calvarado2004/bakery-go/broker/matching.go:177.2,178.37 2 1
github.com/calvarado2004/bakery-go/broker/matching.go:178.37,180.3 1 1
github.com/calvarado2004/bakery-go/broker/matching.go:183.2,184.40 2 1
github.com/calvarado2004/bakery-go/broker/matching.go:184.40,186.3 1 0
github.com/calvarado2004/bakery-go/broker/matching.go:186.8,186.91 1 1
github.com/calvarado2004/bakery-go/broker/matching.go:186.91,188.3 1 1
github.com/calvarado2004/bakery-go/broker/matching.go:188.8,188.39 1 0
github.com/calvarado2004/bakery-go/broker/matching.go:188.39,190.3 1 0
github.com/calvarado2004/bakery-go/broker/matching.go:190.8,192.3 1 0
github.com/calvarado2004/bakery-go/broker/matching.go:194.2,210.16 5 1
github.com/calvarado2004/bakery-go/broker/matching.go:210.16,212.3 1 0
github.com/calvarado2004/bakery-go/broker/matching.go:212.8,217.18 1 1
github.com/calvarado2004/bakery-go/broker/matching.go:217.18,219.4 1 0
github.com/calvarado2004/bakery-go/broker/matching.go:222.2,224.15 2 1
github.com/calvarado2004/bakery-go/broker/matching.go:228.85,230.29 2 1
github.com/calvarado2004/bakery-go/broker/matching.go:230.29,237.3 1 1
github.com/calvarado2004/bakery-go/broker/matching.go:238.2,238.15 1 1
