mode: set
github.com/calvarado2004/bakery-go/makers/main.go:45.64,47.2 1 0
github.com/calvarado2004/bakery-go/makers/main.go:61.61,62.19 1 1
github.com/calvarado2004/bakery-go/makers/main.go:62.19,64.3 1 1
github.com/calvarado2004/bakery-go/makers/main.go:65.2,69.3 1 1
github.com/calvarado2004/bakery-go/makers/main.go:74.72,76.12 2 1
github.com/calvarado2004/bakery-go/makers/main.go:76.12,79.3 2 1
github.com/calvarado2004/bakery-go/makers/main.go:83.32,84.26 1 1
github.com/calvarado2004/bakery-go/makers/main.go:84.26,86.3 1 1
github.com/calvarado2004/bakery-go/makers/main.go:87.2,87.17 1 1
github.com/calvarado2004/bakery-go/makers/main.go:90.62,93.32 2 1
github.com/calvarado2004/bakery-go/makers/main.go:93.32,95.48 2 1
github.com/calvarado2004/bakery-go/makers/main.go:95.48,97.11 2 1
github.com/calvarado2004/bakery-go/makers/main.go:98.22,99.11 1 0
github.com/calvarado2004/bakery-go/makers/main.go:100.20,101.11 1 1
github.com/calvarado2004/bakery-go/makers/main.go:102.38,103.13 1 0
github.com/calvarado2004/bakery-go/makers/main.go:108.3,109.10 2 0
github.com/calvarado2004/bakery-go/makers/main.go:110.21,111.10 1 0
github.com/calvarado2004/bakery-go/makers/main.go:112.19,113.10 1 0
github.com/calvarado2004/bakery-go/makers/main.go:114.37,114.37 0 0
github.com/calvarado2004/bakery-go/makers/main.go:119.68,123.16 3 1
github.com/calvarado2004/bakery-go/makers/main.go:123.16,125.3 1 1
github.com/calvarado2004/bakery-go/makers/main.go:126.2,129.16 3 0
github.com/calvarado2004/bakery-go/makers/main.go:129.16,131.3 1 0
github.com/calvarado2004/bakery-go/makers/main.go:132.2,137.44 4 0
github.com/calvarado2004/bakery-go/makers/main.go:137.44,139.3 1 0
github.com/calvarado2004/bakery-go/makers/main.go:141.2,144.16 2 0
github.com/calvarado2004/bakery-go/makers/main.go:144.16,146.3 1 0
github.com/calvarado2004/bakery-go/makers/main.go:148.2,155.16 3 0
github.com/calvarado2004/bakery-go/makers/main.go:155.16,157.3 1 0
github.com/calvarado2004/bakery-go/makers/main.go:159.2,161.30 2 0
github.com/calvarado2004/bakery-go/makers/main.go:161.30,163.39 2 0
github.com/calvarado2004/bakery-go/makers/main.go:163.39,165.71 2 0
github.com/calvarado2004/bakery-go/makers/main.go:165.71,167.62 2 0
github.com/calvarado2004/bakery-go/makers/main.go:167.62,169.6 1 0
github.com/calvarado2004/bakery-go/makers/main.go:170.10,171.53 1 0
github.com/calvarado2004/bakery-go/makers/main.go:171.53,173.6 1 0
github.com/calvarado2004/bakery-go/makers/main.go:177.3,177.10 1 0
github.com/calvarado2004/bakery-go/makers/main.go:178.21,179.9 1 0
github.com/calvarado2004/bakery-go/makers/main.go:180.11,180.11 0 0
github.com/calvarado2004/bakery-go/makers/main.go:184.2,185.12 2 0
github.com/calvarado2004/bakery-go/makers/main.go:190.90,192.50 2 0
github.com/calvarado2004/bakery-go/makers/main.go:192.50,194.3 1 0
github.com/calvarado2004/bakery-go/makers/main.go:196.2,203.16 4 0
github.com/calvarado2004/bakery-go/makers/main.go:203.16,205.3 1 0
github.com/calvarado2004/bakery-go/makers/main.go:207.2,216.18 1 0
github.com/calvarado2004/bakery-go/makers/main.go:216.18,218.3 1 0
github.com/calvarado2004/bakery-go/makers/main.go:220.2,221.12 2 0
github.com/calvarado2004/bakery-go/makers/main.go:226.89,228.50 2 1
github.com/calvarado2004/bakery-go/makers/main.go:228.50,230.3 1 1
github.com/calvarado2004/bakery-go/makers/main.go:232.2,237.8 2 1
github.com/calvarado2004/bakery-go/makers/main.go:241.13,269.2 17 0
