mode: count
github.com/calvarado2004/bakery-go/buyers/main.go:37.103,56.12 13 5
github.com/calvarado2004/bakery-go/buyers/main.go:56.12,60.3 3 5
github.com/calvarado2004/bakery-go/buyers/main.go:62.2,62.9 1 5
github.com/calvarado2004/bakery-go/buyers/main.go:63.20,65.19 2 2
github.com/calvarado2004/bakery-go/buyers/main.go:66.24,68.20 2 1
github.com/calvarado2004/bakery-go/buyers/main.go:69.20,71.26 2 2
github.com/calvarado2004/bakery-go/buyers/main.go:76.13,84.16 3 0
github.com/calvarado2004/bakery-go/buyers/main.go:84.16,86.3 1 0
github.com/calvarado2004/bakery-go/buyers/main.go:88.2,93.40 2 0
github.com/calvarado2004/bakery-go/buyers/main.go:93.40,96.17 3 0
github.com/calvarado2004/bakery-go/buyers/main.go:96.17,98.4 1 0
github.com/calvarado2004/bakery-go/buyers/main.go:101.2,101.6 1 0
github.com/calvarado2004/bakery-go/buyers/main.go:101.6,108.17 5 0
github.com/calvarado2004/bakery-go/buyers/main.go:108.17,111.12 2 0
github.com/calvarado2004/bakery-go/buyers/main.go:115.3,116.17 2 0
github.com/calvarado2004/bakery-go/buyers/main.go:116.17,118.4 1 0
github.com/calvarado2004/bakery-go/buyers/main.go:119.3,121.55 3 0
github.com/calvarado2004/bakery-go/buyers/main.go:126.176,129.6 1 16
github.com/calvarado2004/bakery-go/buyers/main.go:129.6,130.10 1 22
github.com/calvarado2004/bakery-go/buyers/main.go:131.23,230.44 12 15
github.com/calvarado2004/bakery-go/buyers/main.go:230.44,232.5 1 105
github.com/calvarado2004/bakery-go/buyers/main.go:234.4,235.18 2 15
github.com/calvarado2004/bakery-go/buyers/main.go:235.18,239.5 3 9
github.com/calvarado2004/bakery-go/buyers/main.go:241.4,247.19 3 6
github.com/calvarado2004/bakery-go/buyers/main.go:254.155,261.16 3 17
github.com/calvarado2004/bakery-go/buyers/main.go:261.16,265.3 3 5
github.com/calvarado2004/bakery-go/buyers/main.go:268.2,268.6 1 12
github.com/calvarado2004/bakery-go/buyers/main.go:268.6,270.10 2 12
github.com/calvarado2004/bakery-go/buyers/main.go:271.26,273.8 1 9
github.com/calvarado2004/bakery-go/buyers/main.go:273.8,276.22 3 19
github.com/calvarado2004/bakery-go/buyers/main.go:276.22,281.6 3 8
github.com/calvarado2004/bakery-go/buyers/main.go:282.5,282.19 1 11
github.com/calvarado2004/bakery-go/buyers/main.go:282.19,286.6 3 1
github.com/calvarado2004/bakery-go/buyers/main.go:289.5,289.120 1 10
github.com/calvarado2004/bakery-go/buyers/main.go:292.21,295.10 2 3
