mode: atomic
github.com/calvarado2004/bakery-go/pkg/resilience/circuit_breaker.go:28.32,29.11 1 4
github.com/calvarado2004/bakery-go/pkg/resilience/circuit_breaker.go:30.19,31.18 1 1
github.com/calvarado2004/bakery-go/pkg/resilience/circuit_breaker.go:32.17,33.16 1 1
github.com/calvarado2004/bakery-go/pkg/resilience/circuit_breaker.go:34.21,35.21 1 1
github.com/calvarado2004/bakery-go/pkg/resilience/circuit_breaker.go:36.10,37.19 1 1
github.com/calvarado2004/bakery-go/pkg/resilience/circuit_breaker.go:77.54,78.32 1 13
github.com/calvarado2004/bakery-go/pkg/resilience/circuit_breaker.go:78.32,80.3 1 2
github.com/calvarado2004/bakery-go/pkg/resilience/circuit_breaker.go:81.2,81.28 1 13
github.com/calvarado2004/bakery-go/pkg/resilience/circuit_breaker.go:81.28,83.3 1 3
github.com/calvarado2004/bakery-go/pkg/resilience/circuit_breaker.go:84.2,88.3 1 13
github.com/calvarado2004/bakery-go/pkg/resilience/circuit_breaker.go:94.76,98.18 3 32
github.com/calvarado2004/bakery-go/pkg/resilience/circuit_breaker.go:99.19,100.17 1 14
github.com/calvarado2004/bakery-go/pkg/resilience/circuit_breaker.go:102.17,104.31 2 17
github.com/calvarado2004/bakery-go/pkg/resilience/circuit_breaker.go:104.31,107.4 2 4
github.com/calvarado2004/bakery-go/pkg/resilience/circuit_breaker.go:108.3,108.40 1 13
github.com/calvarado2004/bakery-go/pkg/resilience/circuit_breaker.go:110.21,112.26 1 1
github.com/calvarado2004/bakery-go/pkg/resilience/circuit_breaker.go:112.26,114.4 1 0
github.com/calvarado2004/bakery-go/pkg/resilience/circuit_breaker.go:115.3,115.17 1 1
github.com/calvarado2004/bakery-go/pkg/resilience/circuit_breaker.go:117.10,118.18 1 0
github.com/calvarado2004/bakery-go/pkg/resilience/circuit_breaker.go:124.43,128.31 3 21
github.com/calvarado2004/bakery-go/pkg/resilience/circuit_breaker.go:128.31,133.3 4 1
github.com/calvarado2004/bakery-go/pkg/resilience/circuit_breaker.go:138.43,144.18 4 41
github.com/calvarado2004/bakery-go/pkg/resilience/circuit_breaker.go:145.21,149.22 4 1
github.com/calvarado2004/bakery-go/pkg/resilience/circuit_breaker.go:151.19,153.45 2 30
github.com/calvarado2004/bakery-go/pkg/resilience/circuit_breaker.go:153.45,158.4 3 9
github.com/calvarado2004/bakery-go/pkg/resilience/circuit_breaker.go:160.17,161.20 1 10
github.com/calvarado2004/bakery-go/pkg/resilience/circuit_breaker.go:166.41,170.2 3 7
github.com/calvarado2004/bakery-go/pkg/resilience/circuit_breaker.go:199.68,203.57 3 6
github.com/calvarado2004/bakery-go/pkg/resilience/circuit_breaker.go:203.57,205.32 1 13
github.com/calvarado2004/bakery-go/pkg/resilience/circuit_breaker.go:205.32,207.16 2 5
github.com/calvarado2004/bakery-go/pkg/resilience/circuit_breaker.go:207.16,211.5 2 2
github.com/calvarado2004/bakery-go/pkg/resilience/circuit_breaker.go:214.3,215.21 2 11
github.com/calvarado2004/bakery-go/pkg/resilience/circuit_breaker.go:215.21,216.33 1 2
github.com/calvarado2004/bakery-go/pkg/resilience/circuit_breaker.go:216.33,218.5 1 0
github.com/calvarado2004/bakery-go/pkg/resilience/circuit_breaker.go:219.4,219.14 1 2
github.com/calvarado2004/bakery-go/pkg/resilience/circuit_breaker.go:223.3,223.32 1 9
github.com/calvarado2004/bakery-go/pkg/resilience/circuit_breaker.go:223.32,225.4 1 3
github.com/calvarado2004/bakery-go/pkg/resilience/circuit_breaker.go:227.3,227.31 1 9
github.com/calvarado2004/bakery-go/pkg/resilience/circuit_breaker.go:227.31,233.11 2 8
github.com/calvarado2004/bakery-go/pkg/resilience/circuit_breaker.go:234.22,235.21 1 1
github.com/calvarado2004/bakery-go/pkg/resilience/circuit_breaker.go:236.29,236.29 0 7
github.com/calvarado2004/bakery-go/pkg/resilience/circuit_breaker.go:239.4,240.28 2 7
github.com/calvarado2004/bakery-go/pkg/resilience/circuit_breaker.go:240.28,242.5 1 0
github.com/calvarado2004/bakery-go/pkg/resilience/circuit_breaker.go:246.2,246.78 1 1
github.com/calvarado2004/bakery-go/pkg/resilience/circuit_breaker.go:264.63,271.2 1 11
github.com/calvarado2004/bakery-go/pkg/resilience/circuit_breaker.go:274.37,281.30 6 136
github.com/calvarado2004/bakery-go/pkg/resilience/circuit_breaker.go:281.30,283.3 1 12
github.com/calvarado2004/bakery-go/pkg/resilience/circuit_breaker.go:284.2,286.20 2 136
github.com/calvarado2004/bakery-go/pkg/resilience/circuit_breaker.go:286.20,289.3 2 80
github.com/calvarado2004/bakery-go/pkg/resilience/circuit_breaker.go:290.2,290.14 1 56
github.com/calvarado2004/bakery-go/pkg/resilience/circuit_breaker.go:304.77,310.2 1 5
github.com/calvarado2004/bakery-go/pkg/resilience/circuit_breaker.go:313.46,316.13 3 109
github.com/calvarado2004/bakery-go/pkg/resilience/circuit_breaker.go:316.13,319.3 2 6
github.com/calvarado2004/bakery-go/pkg/resilience/circuit_breaker.go:320.2,321.19 2 109
